******************************************************************************
                  TI ARM Linker PC v18.1.2                     
******************************************************************************
>> Linked Sat Oct 20 17:25:32 2018

OUTPUT FILE NAME:   <rfWsnConcentrator_CC1310_LAUNCHXL_tirtos_ccs.out>
ENTRY POINT SYMBOL: "ResetISR"  address: 00008f0d


MEMORY CONFIGURATION

         name            origin    length      used     unused   attr    fill
----------------------  --------  ---------  --------  --------  ----  --------
  FLASH                 00000000   00020000  0001057a  0000fa86  R  X
  SRAM                  20000000   00005000  00003daa  00001256  RW X


SEGMENT ALLOCATION MAP

run origin  load origin   length   init length attrs members
----------  ----------- ---------- ----------- ----- -------
00000000    00000000    00010528   00010528    r-x
  00000000    00000000    0000003c   0000003c    r-- .resetVecs
  0000003c    0000003c    00000fc4   00000fc4    r-x .text.1
  00001000    00001000    0000003c   0000003c    r-- .const:ti_sysbios_knl_Task_Object__PARAMS__C
  0000103c    0000103c    00000034   00000034    r-- .const:ti_sysbios_knl_Mailbox_Object__PARAMS__C
  00001070    00001070    00000030   00000030    r-- .const:ti_sysbios_family_arm_m3_Hwi_Object__PARAMS__C
  000010a0    000010a0    0000002c   0000002c    r-- .const:ti_sysbios_hal_Hwi_Object__PARAMS__C
  000010cc    000010cc    00000028   00000028    r-- .const:ti_sysbios_heaps_HeapMem_Module__FXNS__C
  000010f4    000010f4    00000028   00000028    r-- .const:ti_sysbios_knl_Swi_Object__PARAMS__C
  0000111c    0000111c    00000024   00000024    r-- .const:ti_sysbios_gates_GateHwi_Module__FXNS__C
  00001140    00001140    00000024   00000024    r-- .const:ti_sysbios_gates_GateMutex_Module__FXNS__C
  00001164    00001164    00000024   00000024    r-- .const:ti_sysbios_heaps_HeapMem_Object__PARAMS__C
  00001188    00001188    00000024   00000024    r-- .const:ti_sysbios_knl_Clock_Object__PARAMS__C
  000011ac    000011ac    00000024   00000024    r-- .const:ti_sysbios_knl_Semaphore_Object__PARAMS__C
  000011d0    000011d0    00000020   00000020    r-- .const:ti_sysbios_family_arm_m3_Hwi_Object__DESC__C
  000011f0    000011f0    00000020   00000020    r-- .const:ti_sysbios_gates_GateHwi_Object__DESC__C
  00001210    00001210    00000020   00000020    r-- .const:ti_sysbios_gates_GateMutex_Object__DESC__C
  00001230    00001230    00000020   00000020    r-- .const:ti_sysbios_hal_Hwi_Object__DESC__C
  00001250    00001250    00000020   00000020    r-- .const:ti_sysbios_heaps_HeapMem_Object__DESC__C
  00001270    00001270    00000020   00000020    r-- .const:ti_sysbios_knl_Clock_Object__DESC__C
  00001290    00001290    00000020   00000020    r-- .const:ti_sysbios_knl_Mailbox_Object__DESC__C
  000012b0    000012b0    00000020   00000020    r-- .const:ti_sysbios_knl_Queue_Object__DESC__C
  000012d0    000012d0    00000020   00000020    r-- .const:ti_sysbios_knl_Semaphore_Object__DESC__C
  000012f0    000012f0    00000020   00000020    r-- .const:ti_sysbios_knl_Swi_Object__DESC__C
  00001310    00001310    00000020   00000020    r-- .const:ti_sysbios_knl_Task_Object__DESC__C
  00001330    00001330    00000018   00000018    r-- .const:ti_sysbios_gates_GateHwi_Object__PARAMS__C
  00001348    00001348    00000018   00000018    r-- .const:ti_sysbios_gates_GateMutex_Object__PARAMS__C
  00001360    00001360    00000018   00000018    r-- .const:ti_sysbios_knl_Queue_Object__PARAMS__C
  00001378    00001378    00000008   00000008    r-- .const:ti_sysbios_knl_Idle_funcList__C
  00001380    00001380    00000004   00000004    r-x .text.2
  00001384    00001384    00000004   00000004    r-- .const:ti_sysbios_family_arm_cc26xx_Timer_startupNeeded__C
  00001388    00001388    00000004   00000004    r-- .const:ti_sysbios_family_arm_m3_Hwi_E_alreadyDefined__C
  0000138c    0000138c    00000004   00000004    r-- .const:ti_sysbios_family_arm_m3_Hwi_E_hwiLimitExceeded__C
  00001390    00001390    00000004   00000004    r-- .const:ti_sysbios_family_arm_m3_Hwi_NUM_INTERRUPTS__C
  00001394    00001394    00000004   00000004    r-- .const:ti_sysbios_family_arm_m3_Hwi_Object__count__C
  00001398    00001398    00000004   00000004    r-- .const:ti_sysbios_family_arm_m3_Hwi_Object__table__C
  0000139c    0000139c    00000004   00000004    r-- .const:ti_sysbios_family_arm_m3_Hwi_ccr__C
  000013a0    000013a0    00000004   00000004    r-- .const:ti_sysbios_family_arm_m3_Hwi_excHandlerFunc__C
  000013a4    000013a4    00000004   00000004    r-- .const:ti_sysbios_family_arm_m3_Hwi_nullIsrFunc__C
  000013a8    000013a8    00000004   00000004    r-- .const:ti_sysbios_family_arm_m3_Hwi_numSparseInterrupts__C
  000013ac    000013ac    00000004   00000004    r-- .const:ti_sysbios_family_arm_m3_Hwi_priGroup__C
  000013b0    000013b0    00000004   00000004    r-- .const:ti_sysbios_family_arm_m3_TaskSupport_stackAlignment__C
  000013b4    000013b4    00000004   00000004    r-- .const:ti_sysbios_heaps_HeapMem_E_memory__C
  000013b8    000013b8    00000004   00000004    r-- .const:ti_sysbios_heaps_HeapMem_Module__gateObj__C
  000013bc    000013bc    00000004   00000004    r-- .const:ti_sysbios_heaps_HeapMem_Object__count__C
  000013c0    000013c0    00000004   00000004    r-- .const:ti_sysbios_heaps_HeapMem_Object__table__C
  000013c4    000013c4    00000004   00000004    r-- .const:ti_sysbios_heaps_HeapMem_reqAlign__C
  000013c8    000013c8    00000004   00000004    r-- .const:ti_sysbios_knl_Clock_serviceMargin__C
  000013cc    000013cc    00000004   00000004    r-- .const:ti_sysbios_knl_Mailbox_Object__count__C
  000013d0    000013d0    00000004   00000004    r-- .const:ti_sysbios_knl_Mailbox_Object__table__C
  000013d4    000013d4    00000004   00000004    r-- .const:ti_sysbios_knl_Mailbox_maxTypeAlign__C
  000013d8    000013d8    00000004   00000004    r-- .const:ti_sysbios_knl_Queue_Object__count__C
  000013dc    000013dc    00000004   00000004    r-- .const:ti_sysbios_knl_Queue_Object__table__C
  000013e0    000013e0    00000004   00000004    r-- .const:ti_sysbios_knl_Swi_Object__count__C
  000013e4    000013e4    00000004   00000004    r-- .const:ti_sysbios_knl_Swi_Object__table__C
  000013e8    000013e8    00000004   00000004    r-- .const:ti_sysbios_knl_Swi_numPriorities__C
  000013ec    000013ec    00000004   00000004    r-- .const:ti_sysbios_knl_Task_Object__count__C
  000013f0    000013f0    00000004   00000004    r-- .const:ti_sysbios_knl_Task_Object__table__C
  000013f4    000013f4    00000004   00000004    r-- .const:ti_sysbios_knl_Task_allBlockedFunc__C
  000013f8    000013f8    00000004   00000004    r-- .const:ti_sysbios_knl_Task_defaultStackHeap__C
  000013fc    000013fc    00000004   00000004    r-- .const:ti_sysbios_knl_Task_defaultStackSize__C
  00001400    00001400    00000004   00000004    r-- .const:ti_sysbios_knl_Task_numConstructedTasks__C
  00001404    00001404    00000002   00000002    r-x .text.3
  00001406    00001406    00000002   00000002    r-- .const:ti_sysbios_family_arm_cc26xx_Timer_Module__id__C
  00001408    00001408    00000002   00000002    r-- .const:ti_sysbios_family_arm_cc26xx_TimestampProvider_useClockTimer__C
  0000140a    0000140a    00000002   00000002    r-- .const:ti_sysbios_family_arm_m3_Hwi_Module__id__C
  0000140c    0000140c    00000002   00000002    r-- .const:ti_sysbios_gates_GateHwi_Module__id__C
  0000140e    0000140e    00000002   00000002    r-- .const:ti_sysbios_gates_GateMutex_Module__id__C
  00001410    00001410    00000002   00000002    r-- .const:ti_sysbios_heaps_HeapMem_Module__id__C
  00001412    00001412    00000002   00000002    r-- .const:ti_sysbios_knl_Task_initStackFlag__C
  00001414    00001414    00000001   00000001    r-- .const:ti_sysbios_knl_Clock_tickMode__C
  00001418    00001418    00000008   00000008    r-- .const:xdc_runtime_Startup_firstFxns__C
  00001420    00001420    00000008   00000008    r-- .const:xdc_runtime_Startup_lastFxns__C
  00001428    00001428    00000004   00000004    r-- .const:xdc_runtime_Assert_E_assertFailed__C
  0000142c    0000142c    00000004   00000004    r-- .const:xdc_runtime_Error_E_memory__C
  00001430    00001430    00000004   00000004    r-- .const:xdc_runtime_Error_policyFxn__C
  00001434    00001434    00000004   00000004    r-- .const:xdc_runtime_IGateProvider_Interface__BASE__C
  00001438    00001438    00000004   00000004    r-- .const:xdc_runtime_IHeap_Interface__BASE__C
  0000143c    0000143c    00000004   00000004    r-- .const:xdc_runtime_IModule_Interface__BASE__C
  00001440    00001440    00000004   00000004    r-- .const:xdc_runtime_Main_Module__diagsEnabled__C
  00001444    00001444    00000004   00000004    r-- .const:xdc_runtime_Main_Module__diagsIncluded__C
  00001448    00001448    00000004   00000004    r-- .const:xdc_runtime_Main_Module__diagsMask__C
  0000144c    0000144c    00000004   00000004    r-- .const:xdc_runtime_Memory_defaultHeapInstance__C
  00001450    00001450    00000004   00000004    r-- .const:xdc_runtime_Startup_execImpl__C
  00001454    00001454    00000004   00000004    r-- .const:xdc_runtime_Startup_maxPasses__C
  00001458    00001458    00000004   00000004    r-- .const:xdc_runtime_Startup_sfxnRts__C
  0000145c    0000145c    00000004   00000004    r-- .const:xdc_runtime_Startup_sfxnTab__C
  00001460    00001460    00000004   00000004    r-- .const:xdc_runtime_Startup_startModsFxn__C
  00001464    00001464    00000004   00000004    r-- .const:xdc_runtime_SysCallback_abortFxn__C
  00001468    00001468    00000004   00000004    r-- .const:xdc_runtime_SysCallback_exitFxn__C
  0000146c    0000146c    00000004   00000004    r-- .const:xdc_runtime_System_abortFxn__C
  00001470    00001470    00000004   00000004    r-- .const:xdc_runtime_System_exitFxn__C
  00001474    00001474    00000004   00000004    r-- .const:xdc_runtime_System_maxAtexitHandlers__C
  00001478    00001478    00000004   00000004    r-- .const:xdc_runtime_Text_charTab__C
  0000147c    0000147c    00000004   00000004    r-- .const:xdc_runtime_Text_nameEmpty__C
  00001480    00001480    00000004   00000004    r-- .const:xdc_runtime_Text_nameStatic__C
  00001484    00001484    00000004   00000004    r-- .const:xdc_runtime_Text_nameUnknown__C
  00001488    00001488    00000002   00000002    r-- .const:xdc_runtime_Main_Module__id__C
  0000148a    0000148a    00000002   00000002    r-- .const:xdc_runtime_Memory_Module__id__C
  0000148c    0000148c    00000002   00000002    r-- .const:xdc_runtime_Text_charCnt__C
  0000148e    0000148e    00000002   00000002    r-- .const:xdc_runtime_Text_isLoaded__C
  00001490    00001490    00000001   00000001    r-- .const:xdc_runtime_Error_policy__C
  00001494    00001494    00000004   00000004    r-- .const:ti_sysbios_rom_ROM_AONRTCChannelEnable
  00001498    00001498    00000004   00000004    r-- .const:ti_sysbios_rom_ROM_AONRTCCompareValueSet
  0000149c    0000149c    00000004   00000004    r-- .const:ti_sysbios_rom_ROM_AONRTCCurrentCompareValueGet
  000014a0    000014a0    00000004   00000004    r-- .const:ti_sysbios_rom_ROM_AONRTCEventClear
  000014a4    000014a4    00000004   00000004    r-- .const:ti_sysbios_rom_ROM_ti_sysbios_family_arm_cc26xx_Timer_getCount64__E
  000014a8    000014a8    00000004   00000004    r-- .const:ti_sysbios_rom_ROM_ti_sysbios_family_arm_cc26xx_Timer_getCurrentTick__E
  000014ac    000014ac    00000004   00000004    r-- .const:ti_sysbios_rom_ROM_ti_sysbios_family_arm_cc26xx_Timer_getMaxTicks__E
  000014b0    000014b0    00000004   00000004    r-- .const:ti_sysbios_rom_ROM_ti_sysbios_family_arm_cc26xx_Timer_initDevice__I
  000014b4    000014b4    00000004   00000004    r-- .const:ti_sysbios_rom_ROM_ti_sysbios_family_arm_cc26xx_Timer_setNextTick__E
  000014b8    000014b8    00000004   00000004    r-- .const:ti_sysbios_rom_ROM_ti_sysbios_family_arm_cc26xx_Timer_setThreshold__I
  000014bc    000014bc    00000004   00000004    r-- .const:ti_sysbios_rom_ROM_ti_sysbios_family_arm_cc26xx_Timer_start__E
  000014c0    000014c0    00000004   00000004    r-- .const:ti_sysbios_rom_ROM_ti_sysbios_family_arm_cc26xx_TimestampProvider_get32__E
  000014c4    000014c4    00000004   00000004    r-- .const:ti_sysbios_rom_ROM_xdc_runtime_Startup_getState__I
  000014c8    000014c8    00000004   00000004    r-- .const:ti_sysbios_rom_ROM_xdc_runtime_System_SupportProxy_abort__E
  000014cc    000014cc    00000004   00000004    r-- .const:ti_sysbios_rom_ROM_xdc_runtime_System_SupportProxy_exit__E
  000014d0    000014d0    00000004   00000004    r-- .const:ti_sysbios_gates_GateMutex_Instance_State_sem__O
  000014d4    000014d4    00000004   00000004    r-- .const:ti_sysbios_knl_Clock_Module_State_clockQ__O
  000014d8    000014d8    00000004   00000004    r-- .const:ti_sysbios_knl_Mailbox_Instance_State_dataQue__O
  000014dc    000014dc    00000004   00000004    r-- .const:ti_sysbios_knl_Mailbox_Instance_State_dataSem__O
  000014e0    000014e0    00000004   00000004    r-- .const:ti_sysbios_knl_Mailbox_Instance_State_freeQue__O
  000014e4    000014e4    00000004   00000004    r-- .const:ti_sysbios_knl_Mailbox_Instance_State_freeSem__O
  000014e8    000014e8    00000004   00000004    r-- .const:ti_sysbios_knl_Semaphore_Instance_State_pendQ__O
  000014ec    000014ec    00000004   00000004    r-- .const:ti_sysbios_knl_Task_Module_State_inactiveQ__O
  000014f0    000014f0    00009ad8   00009ad8    r-x .text.4
  0000afc8    0000afc8    00005088   00005088    r-- .const
  00010050    00010050    000004d8   000004d8    r-- .cinit
0001ffa8    0001ffa8    00000058   00000058    r--
  0001ffa8    0001ffa8    00000058   00000058    r-- .ccfg
20000100    20000100    00000104   00000000    rw-
  20000100    20000100    00000044   00000000    rw- .data:ti_sysbios_knl_Task_Module__state__V
  20000144    20000144    00000034   00000000    rw- .data:ti_sysbios_family_arm_m3_Hwi_Module__state__V
  20000178    20000178    0000002c   00000000    rw- .data:ti_sysbios_knl_Clock_Module__state__V
  200001a4    200001a4    00000024   00000000    rw- .data:ti_sysbios_BIOS_Module__state__V
  200001c8    200001c8    0000001c   00000000    rw- .data:ti_sysbios_knl_Swi_Module__state__V
  200001e4    200001e4    00000008   00000000    rw- .data:ti_sysbios_family_arm_cc26xx_Timer_Module__state__V
  200001ec    200001ec    00000004   00000000    rw- .data:ti_sysbios_family_arm_cc26xx_TimestampProvider_Module__state__V
  200001f0    200001f0    00000008   00000000    rw- .data:xdc_runtime_Startup_Module__state__V
  200001f8    200001f8    00000008   00000000    rw- .data:xdc_runtime_System_Module__state__V
  20000200    20000200    00000004   00000000    rw- .data:xdc_runtime_Memory_Module__state__V
20000430    20000430    00000010   00000000    rw-
  20000430    20000430    00000010   00000000    rw- .TI.bound:dmaSpi0RxControlTableEntry
20000440    20000440    00000010   00000000    rw-
  20000440    20000440    00000010   00000000    rw- .TI.bound:dmaSpi0TxControlTableEntry
20000500    20000500    00000010   00000000    rw-
  20000500    20000500    00000010   00000000    rw- .TI.bound:dmaSpi1RxControlTableEntry
20000510    20000510    00001d3d   00000000    rw-
  20000510    20000510    00000010   00000000    rw- .TI.bound:dmaSpi1TxControlTableEntry
  20000520    20000520    00001d2d   00000000    rw- .bss
20002250    20002250    00001000   00000000    r--
  20002250    20002250    00001000   00000000    r-- .priheap
20003250    20003250    00000a71   00000000    rw-
  20003250    20003250    00000a71   00000000    rw- .data
20004c00    20004c00    00000400   00000000    rw-
  20004c00    20004c00    00000400   00000000    rw- .stack


SECTION ALLOCATION MAP

 output                                  attributes/
section   page    origin      length       input sections
--------  ----  ----------  ----------   ----------------
.const:ti_sysbios_knl_Task_Object__PARAMS__C 
*          0    00001000    0000003c     
                  00001000    0000003c     release_pem3.oem3 (.const:ti_sysbios_knl_Task_Object__PARAMS__C)

.const:ti_sysbios_knl_Mailbox_Object__PARAMS__C 
*          0    0000103c    00000034     
                  0000103c    00000034     release_pem3.oem3 (.const:ti_sysbios_knl_Mailbox_Object__PARAMS__C)

.const:ti_sysbios_family_arm_m3_Hwi_Object__PARAMS__C 
*          0    00001070    00000030     
                  00001070    00000030     release_pem3.oem3 (.const:ti_sysbios_family_arm_m3_Hwi_Object__PARAMS__C)

.const:ti_sysbios_hal_Hwi_Object__PARAMS__C 
*          0    000010a0    0000002c     
                  000010a0    0000002c     release_pem3.oem3 (.const:ti_sysbios_hal_Hwi_Object__PARAMS__C)

.const:ti_sysbios_heaps_HeapMem_Module__FXNS__C 
*          0    000010cc    00000028     
                  000010cc    00000028     release_pem3.oem3 (.const:ti_sysbios_heaps_HeapMem_Module__FXNS__C)

.const:ti_sysbios_knl_Swi_Object__PARAMS__C 
*          0    000010f4    00000028     
                  000010f4    00000028     release_pem3.oem3 (.const:ti_sysbios_knl_Swi_Object__PARAMS__C)

.const:ti_sysbios_gates_GateHwi_Module__FXNS__C 
*          0    0000111c    00000024     
                  0000111c    00000024     release_pem3.oem3 (.const:ti_sysbios_gates_GateHwi_Module__FXNS__C)

.const:ti_sysbios_gates_GateMutex_Module__FXNS__C 
*          0    00001140    00000024     
                  00001140    00000024     release_pem3.oem3 (.const:ti_sysbios_gates_GateMutex_Module__FXNS__C)

.const:ti_sysbios_heaps_HeapMem_Object__PARAMS__C 
*          0    00001164    00000024     
                  00001164    00000024     release_pem3.oem3 (.const:ti_sysbios_heaps_HeapMem_Object__PARAMS__C)

.const:ti_sysbios_knl_Clock_Object__PARAMS__C 
*          0    00001188    00000024     
                  00001188    00000024     release_pem3.oem3 (.const:ti_sysbios_knl_Clock_Object__PARAMS__C)

.const:ti_sysbios_knl_Semaphore_Object__PARAMS__C 
*          0    000011ac    00000024     
                  000011ac    00000024     release_pem3.oem3 (.const:ti_sysbios_knl_Semaphore_Object__PARAMS__C)

.const:ti_sysbios_family_arm_m3_Hwi_Object__DESC__C 
*          0    000011d0    00000020     
                  000011d0    00000020     release_pem3.oem3 (.const:ti_sysbios_family_arm_m3_Hwi_Object__DESC__C)

.const:ti_sysbios_gates_GateHwi_Object__DESC__C 
*          0    000011f0    00000020     
                  000011f0    00000020     release_pem3.oem3 (.const:ti_sysbios_gates_GateHwi_Object__DESC__C)

.const:ti_sysbios_gates_GateMutex_Object__DESC__C 
*          0    00001210    00000020     
                  00001210    00000020     release_pem3.oem3 (.const:ti_sysbios_gates_GateMutex_Object__DESC__C)

.const:ti_sysbios_hal_Hwi_Object__DESC__C 
*          0    00001230    00000020     
                  00001230    00000020     release_pem3.oem3 (.const:ti_sysbios_hal_Hwi_Object__DESC__C)

.const:ti_sysbios_heaps_HeapMem_Object__DESC__C 
*          0    00001250    00000020     
                  00001250    00000020     release_pem3.oem3 (.const:ti_sysbios_heaps_HeapMem_Object__DESC__C)

.const:ti_sysbios_knl_Clock_Object__DESC__C 
*          0    00001270    00000020     
                  00001270    00000020     release_pem3.oem3 (.const:ti_sysbios_knl_Clock_Object__DESC__C)

.const:ti_sysbios_knl_Mailbox_Object__DESC__C 
*          0    00001290    00000020     
                  00001290    00000020     release_pem3.oem3 (.const:ti_sysbios_knl_Mailbox_Object__DESC__C)

.const:ti_sysbios_knl_Queue_Object__DESC__C 
*          0    000012b0    00000020     
                  000012b0    00000020     release_pem3.oem3 (.const:ti_sysbios_knl_Queue_Object__DESC__C)

.const:ti_sysbios_knl_Semaphore_Object__DESC__C 
*          0    000012d0    00000020     
                  000012d0    00000020     release_pem3.oem3 (.const:ti_sysbios_knl_Semaphore_Object__DESC__C)

.const:ti_sysbios_knl_Swi_Object__DESC__C 
*          0    000012f0    00000020     
                  000012f0    00000020     release_pem3.oem3 (.const:ti_sysbios_knl_Swi_Object__DESC__C)

.const:ti_sysbios_knl_Task_Object__DESC__C 
*          0    00001310    00000020     
                  00001310    00000020     release_pem3.oem3 (.const:ti_sysbios_knl_Task_Object__DESC__C)

.const:ti_sysbios_gates_GateHwi_Object__PARAMS__C 
*          0    00001330    00000018     
                  00001330    00000018     release_pem3.oem3 (.const:ti_sysbios_gates_GateHwi_Object__PARAMS__C)

.const:ti_sysbios_gates_GateMutex_Object__PARAMS__C 
*          0    00001348    00000018     
                  00001348    00000018     release_pem3.oem3 (.const:ti_sysbios_gates_GateMutex_Object__PARAMS__C)

.const:ti_sysbios_knl_Queue_Object__PARAMS__C 
*          0    00001360    00000018     
                  00001360    00000018     release_pem3.oem3 (.const:ti_sysbios_knl_Queue_Object__PARAMS__C)

.const:ti_sysbios_knl_Idle_funcList__C 
*          0    00001378    00000008     
                  00001378    00000008     release_pem3.oem3 (.const:ti_sysbios_knl_Idle_funcList__C)

.const:ti_sysbios_family_arm_cc26xx_Timer_startupNeeded__C 
*          0    00001384    00000004     
                  00001384    00000004     release_pem3.oem3 (.const:ti_sysbios_family_arm_cc26xx_Timer_startupNeeded__C)

.const:ti_sysbios_family_arm_m3_Hwi_E_alreadyDefined__C 
*          0    00001388    00000004     
                  00001388    00000004     release_pem3.oem3 (.const:ti_sysbios_family_arm_m3_Hwi_E_alreadyDefined__C)

.const:ti_sysbios_family_arm_m3_Hwi_E_hwiLimitExceeded__C 
*          0    0000138c    00000004     
                  0000138c    00000004     release_pem3.oem3 (.const:ti_sysbios_family_arm_m3_Hwi_E_hwiLimitExceeded__C)

.const:ti_sysbios_family_arm_m3_Hwi_NUM_INTERRUPTS__C 
*          0    00001390    00000004     
                  00001390    00000004     release_pem3.oem3 (.const:ti_sysbios_family_arm_m3_Hwi_NUM_INTERRUPTS__C)

.const:ti_sysbios_family_arm_m3_Hwi_Object__count__C 
*          0    00001394    00000004     
                  00001394    00000004     release_pem3.oem3 (.const:ti_sysbios_family_arm_m3_Hwi_Object__count__C)

.const:ti_sysbios_family_arm_m3_Hwi_Object__table__C 
*          0    00001398    00000004     
                  00001398    00000004     release_pem3.oem3 (.const:ti_sysbios_family_arm_m3_Hwi_Object__table__C)

.const:ti_sysbios_family_arm_m3_Hwi_ccr__C 
*          0    0000139c    00000004     
                  0000139c    00000004     release_pem3.oem3 (.const:ti_sysbios_family_arm_m3_Hwi_ccr__C)

.const:ti_sysbios_family_arm_m3_Hwi_excHandlerFunc__C 
*          0    000013a0    00000004     
                  000013a0    00000004     release_pem3.oem3 (.const:ti_sysbios_family_arm_m3_Hwi_excHandlerFunc__C)

.const:ti_sysbios_family_arm_m3_Hwi_nullIsrFunc__C 
*          0    000013a4    00000004     
                  000013a4    00000004     release_pem3.oem3 (.const:ti_sysbios_family_arm_m3_Hwi_nullIsrFunc__C)

.const:ti_sysbios_family_arm_m3_Hwi_numSparseInterrupts__C 
*          0    000013a8    00000004     
                  000013a8    00000004     release_pem3.oem3 (.const:ti_sysbios_family_arm_m3_Hwi_numSparseInterrupts__C)

.const:ti_sysbios_family_arm_m3_Hwi_priGroup__C 
*          0    000013ac    00000004     
                  000013ac    00000004     release_pem3.oem3 (.const:ti_sysbios_family_arm_m3_Hwi_priGroup__C)

.const:ti_sysbios_family_arm_m3_TaskSupport_stackAlignment__C 
*          0    000013b0    00000004     
                  000013b0    00000004     release_pem3.oem3 (.const:ti_sysbios_family_arm_m3_TaskSupport_stackAlignment__C)

.const:ti_sysbios_heaps_HeapMem_E_memory__C 
*          0    000013b4    00000004     
                  000013b4    00000004     release_pem3.oem3 (.const:ti_sysbios_heaps_HeapMem_E_memory__C)

.const:ti_sysbios_heaps_HeapMem_Module__gateObj__C 
*          0    000013b8    00000004     
                  000013b8    00000004     release_pem3.oem3 (.const:ti_sysbios_heaps_HeapMem_Module__gateObj__C)

.const:ti_sysbios_heaps_HeapMem_Object__count__C 
*          0    000013bc    00000004     
                  000013bc    00000004     release_pem3.oem3 (.const:ti_sysbios_heaps_HeapMem_Object__count__C)

.const:ti_sysbios_heaps_HeapMem_Object__table__C 
*          0    000013c0    00000004     
                  000013c0    00000004     release_pem3.oem3 (.const:ti_sysbios_heaps_HeapMem_Object__table__C)

.const:ti_sysbios_heaps_HeapMem_reqAlign__C 
*          0    000013c4    00000004     
                  000013c4    00000004     release_pem3.oem3 (.const:ti_sysbios_heaps_HeapMem_reqAlign__C)

.const:ti_sysbios_knl_Clock_serviceMargin__C 
*          0    000013c8    00000004     
                  000013c8    00000004     release_pem3.oem3 (.const:ti_sysbios_knl_Clock_serviceMargin__C)

.const:ti_sysbios_knl_Mailbox_Object__count__C 
*          0    000013cc    00000004     
                  000013cc    00000004     release_pem3.oem3 (.const:ti_sysbios_knl_Mailbox_Object__count__C)

.const:ti_sysbios_knl_Mailbox_Object__table__C 
*          0    000013d0    00000004     
                  000013d0    00000004     release_pem3.oem3 (.const:ti_sysbios_knl_Mailbox_Object__table__C)

.const:ti_sysbios_knl_Mailbox_maxTypeAlign__C 
*          0    000013d4    00000004     
                  000013d4    00000004     release_pem3.oem3 (.const:ti_sysbios_knl_Mailbox_maxTypeAlign__C)

.const:ti_sysbios_knl_Queue_Object__count__C 
*          0    000013d8    00000004     
                  000013d8    00000004     release_pem3.oem3 (.const:ti_sysbios_knl_Queue_Object__count__C)

.const:ti_sysbios_knl_Queue_Object__table__C 
*          0    000013dc    00000004     
                  000013dc    00000004     release_pem3.oem3 (.const:ti_sysbios_knl_Queue_Object__table__C)

.const:ti_sysbios_knl_Swi_Object__count__C 
*          0    000013e0    00000004     
                  000013e0    00000004     release_pem3.oem3 (.const:ti_sysbios_knl_Swi_Object__count__C)

.const:ti_sysbios_knl_Swi_Object__table__C 
*          0    000013e4    00000004     
                  000013e4    00000004     release_pem3.oem3 (.const:ti_sysbios_knl_Swi_Object__table__C)

.const:ti_sysbios_knl_Swi_numPriorities__C 
*          0    000013e8    00000004     
                  000013e8    00000004     release_pem3.oem3 (.const:ti_sysbios_knl_Swi_numPriorities__C)

.const:ti_sysbios_knl_Task_Object__count__C 
*          0    000013ec    00000004     
                  000013ec    00000004     release_pem3.oem3 (.const:ti_sysbios_knl_Task_Object__count__C)

.const:ti_sysbios_knl_Task_Object__table__C 
*          0    000013f0    00000004     
                  000013f0    00000004     release_pem3.oem3 (.const:ti_sysbios_knl_Task_Object__table__C)

.const:ti_sysbios_knl_Task_allBlockedFunc__C 
*          0    000013f4    00000004     
                  000013f4    00000004     release_pem3.oem3 (.const:ti_sysbios_knl_Task_allBlockedFunc__C)

.const:ti_sysbios_knl_Task_defaultStackHeap__C 
*          0    000013f8    00000004     
                  000013f8    00000004     release_pem3.oem3 (.const:ti_sysbios_knl_Task_defaultStackHeap__C)

.const:ti_sysbios_knl_Task_defaultStackSize__C 
*          0    000013fc    00000004     
                  000013fc    00000004     release_pem3.oem3 (.const:ti_sysbios_knl_Task_defaultStackSize__C)

.const:ti_sysbios_knl_Task_numConstructedTasks__C 
*          0    00001400    00000004     
                  00001400    00000004     release_pem3.oem3 (.const:ti_sysbios_knl_Task_numConstructedTasks__C)

.const:ti_sysbios_family_arm_cc26xx_Timer_Module__id__C 
*          0    00001406    00000002     
                  00001406    00000002     release_pem3.oem3 (.const:ti_sysbios_family_arm_cc26xx_Timer_Module__id__C)

.const:ti_sysbios_family_arm_cc26xx_TimestampProvider_useClockTimer__C 
*          0    00001408    00000002     
                  00001408    00000002     release_pem3.oem3 (.const:ti_sysbios_family_arm_cc26xx_TimestampProvider_useClockTimer__C)

.const:ti_sysbios_family_arm_m3_Hwi_Module__id__C 
*          0    0000140a    00000002     
                  0000140a    00000002     release_pem3.oem3 (.const:ti_sysbios_family_arm_m3_Hwi_Module__id__C)

.const:ti_sysbios_gates_GateHwi_Module__id__C 
*          0    0000140c    00000002     
                  0000140c    00000002     release_pem3.oem3 (.const:ti_sysbios_gates_GateHwi_Module__id__C)

.const:ti_sysbios_gates_GateMutex_Module__id__C 
*          0    0000140e    00000002     
                  0000140e    00000002     release_pem3.oem3 (.const:ti_sysbios_gates_GateMutex_Module__id__C)

.const:ti_sysbios_heaps_HeapMem_Module__id__C 
*          0    00001410    00000002     
                  00001410    00000002     release_pem3.oem3 (.const:ti_sysbios_heaps_HeapMem_Module__id__C)

.const:ti_sysbios_knl_Task_initStackFlag__C 
*          0    00001412    00000002     
                  00001412    00000002     release_pem3.oem3 (.const:ti_sysbios_knl_Task_initStackFlag__C)

.const:ti_sysbios_knl_Clock_tickMode__C 
*          0    00001414    00000001     
                  00001414    00000001     release_pem3.oem3 (.const:ti_sysbios_knl_Clock_tickMode__C)

.const:xdc_runtime_Startup_firstFxns__C 
*          0    00001418    00000008     
                  00001418    00000008     release_pem3.oem3 (.const:xdc_runtime_Startup_firstFxns__C)

.const:xdc_runtime_Startup_lastFxns__C 
*          0    00001420    00000008     
                  00001420    00000008     release_pem3.oem3 (.const:xdc_runtime_Startup_lastFxns__C)

.const:xdc_runtime_Assert_E_assertFailed__C 
*          0    00001428    00000004     
                  00001428    00000004     release_pem3.oem3 (.const:xdc_runtime_Assert_E_assertFailed__C)

.const:xdc_runtime_Error_E_memory__C 
*          0    0000142c    00000004     
                  0000142c    00000004     release_pem3.oem3 (.const:xdc_runtime_Error_E_memory__C)

.const:xdc_runtime_Error_policyFxn__C 
*          0    00001430    00000004     
                  00001430    00000004     release_pem3.oem3 (.const:xdc_runtime_Error_policyFxn__C)

.const:xdc_runtime_IGateProvider_Interface__BASE__C 
*          0    00001434    00000004     
                  00001434    00000004     release_pem3.oem3 (.const:xdc_runtime_IGateProvider_Interface__BASE__C)

.const:xdc_runtime_IHeap_Interface__BASE__C 
*          0    00001438    00000004     
                  00001438    00000004     release_pem3.oem3 (.const:xdc_runtime_IHeap_Interface__BASE__C)

.const:xdc_runtime_IModule_Interface__BASE__C 
*          0    0000143c    00000004     
                  0000143c    00000004     release_pem3.oem3 (.const:xdc_runtime_IModule_Interface__BASE__C)

.const:xdc_runtime_Main_Module__diagsEnabled__C 
*          0    00001440    00000004     
                  00001440    00000004     release_pem3.oem3 (.const:xdc_runtime_Main_Module__diagsEnabled__C)

.const:xdc_runtime_Main_Module__diagsIncluded__C 
*          0    00001444    00000004     
                  00001444    00000004     release_pem3.oem3 (.const:xdc_runtime_Main_Module__diagsIncluded__C)

.const:xdc_runtime_Main_Module__diagsMask__C 
*          0    00001448    00000004     
                  00001448    00000004     release_pem3.oem3 (.const:xdc_runtime_Main_Module__diagsMask__C)

.const:xdc_runtime_Memory_defaultHeapInstance__C 
*          0    0000144c    00000004     
                  0000144c    00000004     release_pem3.oem3 (.const:xdc_runtime_Memory_defaultHeapInstance__C)

.const:xdc_runtime_Startup_execImpl__C 
*          0    00001450    00000004     
                  00001450    00000004     release_pem3.oem3 (.const:xdc_runtime_Startup_execImpl__C)

.const:xdc_runtime_Startup_maxPasses__C 
*          0    00001454    00000004     
                  00001454    00000004     release_pem3.oem3 (.const:xdc_runtime_Startup_maxPasses__C)

.const:xdc_runtime_Startup_sfxnRts__C 
*          0    00001458    00000004     
                  00001458    00000004     release_pem3.oem3 (.const:xdc_runtime_Startup_sfxnRts__C)

.const:xdc_runtime_Startup_sfxnTab__C 
*          0    0000145c    00000004     
                  0000145c    00000004     release_pem3.oem3 (.const:xdc_runtime_Startup_sfxnTab__C)

.const:xdc_runtime_Startup_startModsFxn__C 
*          0    00001460    00000004     
                  00001460    00000004     release_pem3.oem3 (.const:xdc_runtime_Startup_startModsFxn__C)

.const:xdc_runtime_SysCallback_abortFxn__C 
*          0    00001464    00000004     
                  00001464    00000004     release_pem3.oem3 (.const:xdc_runtime_SysCallback_abortFxn__C)

.const:xdc_runtime_SysCallback_exitFxn__C 
*          0    00001468    00000004     
                  00001468    00000004     release_pem3.oem3 (.const:xdc_runtime_SysCallback_exitFxn__C)

.const:xdc_runtime_System_abortFxn__C 
*          0    0000146c    00000004     
                  0000146c    00000004     release_pem3.oem3 (.const:xdc_runtime_System_abortFxn__C)

.const:xdc_runtime_System_exitFxn__C 
*          0    00001470    00000004     
                  00001470    00000004     release_pem3.oem3 (.const:xdc_runtime_System_exitFxn__C)

.const:xdc_runtime_System_maxAtexitHandlers__C 
*          0    00001474    00000004     
                  00001474    00000004     release_pem3.oem3 (.const:xdc_runtime_System_maxAtexitHandlers__C)

.const:xdc_runtime_Text_charTab__C 
*          0    00001478    00000004     
                  00001478    00000004     release_pem3.oem3 (.const:xdc_runtime_Text_charTab__C)

.const:xdc_runtime_Text_nameEmpty__C 
*          0    0000147c    00000004     
                  0000147c    00000004     release_pem3.oem3 (.const:xdc_runtime_Text_nameEmpty__C)

.const:xdc_runtime_Text_nameStatic__C 
*          0    00001480    00000004     
                  00001480    00000004     release_pem3.oem3 (.const:xdc_runtime_Text_nameStatic__C)

.const:xdc_runtime_Text_nameUnknown__C 
*          0    00001484    00000004     
                  00001484    00000004     release_pem3.oem3 (.const:xdc_runtime_Text_nameUnknown__C)

.const:xdc_runtime_Main_Module__id__C 
*          0    00001488    00000002     
                  00001488    00000002     release_pem3.oem3 (.const:xdc_runtime_Main_Module__id__C)

.const:xdc_runtime_Memory_Module__id__C 
*          0    0000148a    00000002     
                  0000148a    00000002     release_pem3.oem3 (.const:xdc_runtime_Memory_Module__id__C)

.const:xdc_runtime_Text_charCnt__C 
*          0    0000148c    00000002     
                  0000148c    00000002     release_pem3.oem3 (.const:xdc_runtime_Text_charCnt__C)

.const:xdc_runtime_Text_isLoaded__C 
*          0    0000148e    00000002     
                  0000148e    00000002     release_pem3.oem3 (.const:xdc_runtime_Text_isLoaded__C)

.const:xdc_runtime_Error_policy__C 
*          0    00001490    00000001     
                  00001490    00000001     release_pem3.oem3 (.const:xdc_runtime_Error_policy__C)

.const:ti_sysbios_rom_ROM_AONRTCChannelEnable 
*          0    00001494    00000004     
                  00001494    00000004     release_pem3.oem3 (.const:ti_sysbios_rom_ROM_AONRTCChannelEnable)

.const:ti_sysbios_rom_ROM_AONRTCCompareValueSet 
*          0    00001498    00000004     
                  00001498    00000004     release_pem3.oem3 (.const:ti_sysbios_rom_ROM_AONRTCCompareValueSet)

.const:ti_sysbios_rom_ROM_AONRTCCurrentCompareValueGet 
*          0    0000149c    00000004     
                  0000149c    00000004     release_pem3.oem3 (.const:ti_sysbios_rom_ROM_AONRTCCurrentCompareValueGet)

.const:ti_sysbios_rom_ROM_AONRTCEventClear 
*          0    000014a0    00000004     
                  000014a0    00000004     release_pem3.oem3 (.const:ti_sysbios_rom_ROM_AONRTCEventClear)

.const:ti_sysbios_rom_ROM_ti_sysbios_family_arm_cc26xx_Timer_getCount64__E 
*          0    000014a4    00000004     
                  000014a4    00000004     release_pem3.oem3 (.const:ti_sysbios_rom_ROM_ti_sysbios_family_arm_cc26xx_Timer_getCount64__E)

.const:ti_sysbios_rom_ROM_ti_sysbios_family_arm_cc26xx_Timer_getCurrentTick__E 
*          0    000014a8    00000004     
                  000014a8    00000004     release_pem3.oem3 (.const:ti_sysbios_rom_ROM_ti_sysbios_family_arm_cc26xx_Timer_getCurrentTick__E)

.const:ti_sysbios_rom_ROM_ti_sysbios_family_arm_cc26xx_Timer_getMaxTicks__E 
*          0    000014ac    00000004     
                  000014ac    00000004     release_pem3.oem3 (.const:ti_sysbios_rom_ROM_ti_sysbios_family_arm_cc26xx_Timer_getMaxTicks__E)

.const:ti_sysbios_rom_ROM_ti_sysbios_family_arm_cc26xx_Timer_initDevice__I 
*          0    000014b0    00000004     
                  000014b0    00000004     release_pem3.oem3 (.const:ti_sysbios_rom_ROM_ti_sysbios_family_arm_cc26xx_Timer_initDevice__I)

.const:ti_sysbios_rom_ROM_ti_sysbios_family_arm_cc26xx_Timer_setNextTick__E 
*          0    000014b4    00000004     
                  000014b4    00000004     release_pem3.oem3 (.const:ti_sysbios_rom_ROM_ti_sysbios_family_arm_cc26xx_Timer_setNextTick__E)

.const:ti_sysbios_rom_ROM_ti_sysbios_family_arm_cc26xx_Timer_setThreshold__I 
*          0    000014b8    00000004     
                  000014b8    00000004     release_pem3.oem3 (.const:ti_sysbios_rom_ROM_ti_sysbios_family_arm_cc26xx_Timer_setThreshold__I)

.const:ti_sysbios_rom_ROM_ti_sysbios_family_arm_cc26xx_Timer_start__E 
*          0    000014bc    00000004     
                  000014bc    00000004     release_pem3.oem3 (.const:ti_sysbios_rom_ROM_ti_sysbios_family_arm_cc26xx_Timer_start__E)

.const:ti_sysbios_rom_ROM_ti_sysbios_family_arm_cc26xx_TimestampProvider_get32__E 
*          0    000014c0    00000004     
                  000014c0    00000004     release_pem3.oem3 (.const:ti_sysbios_rom_ROM_ti_sysbios_family_arm_cc26xx_TimestampProvider_get32__E)

.const:ti_sysbios_rom_ROM_xdc_runtime_Startup_getState__I 
*          0    000014c4    00000004     
                  000014c4    00000004     release_pem3.oem3 (.const:ti_sysbios_rom_ROM_xdc_runtime_Startup_getState__I)

.const:ti_sysbios_rom_ROM_xdc_runtime_System_SupportProxy_abort__E 
*          0    000014c8    00000004     
                  000014c8    00000004     release_pem3.oem3 (.const:ti_sysbios_rom_ROM_xdc_runtime_System_SupportProxy_abort__E)

.const:ti_sysbios_rom_ROM_xdc_runtime_System_SupportProxy_exit__E 
*          0    000014cc    00000004     
                  000014cc    00000004     release_pem3.oem3 (.const:ti_sysbios_rom_ROM_xdc_runtime_System_SupportProxy_exit__E)

.const:ti_sysbios_gates_GateMutex_Instance_State_sem__O 
*          0    000014d0    00000004     
                  000014d0    00000004     release_pem3.oem3 (.const:ti_sysbios_gates_GateMutex_Instance_State_sem__O)

.const:ti_sysbios_knl_Clock_Module_State_clockQ__O 
*          0    000014d4    00000004     
                  000014d4    00000004     release_pem3.oem3 (.const:ti_sysbios_knl_Clock_Module_State_clockQ__O)

.const:ti_sysbios_knl_Mailbox_Instance_State_dataQue__O 
*          0    000014d8    00000004     
                  000014d8    00000004     release_pem3.oem3 (.const:ti_sysbios_knl_Mailbox_Instance_State_dataQue__O)

.const:ti_sysbios_knl_Mailbox_Instance_State_dataSem__O 
*          0    000014dc    00000004     
                  000014dc    00000004     release_pem3.oem3 (.const:ti_sysbios_knl_Mailbox_Instance_State_dataSem__O)

.const:ti_sysbios_knl_Mailbox_Instance_State_freeQue__O 
*          0    000014e0    00000004     
                  000014e0    00000004     release_pem3.oem3 (.const:ti_sysbios_knl_Mailbox_Instance_State_freeQue__O)

.const:ti_sysbios_knl_Mailbox_Instance_State_freeSem__O 
*          0    000014e4    00000004     
                  000014e4    00000004     release_pem3.oem3 (.const:ti_sysbios_knl_Mailbox_Instance_State_freeSem__O)

.const:ti_sysbios_knl_Semaphore_Instance_State_pendQ__O 
*          0    000014e8    00000004     
                  000014e8    00000004     release_pem3.oem3 (.const:ti_sysbios_knl_Semaphore_Instance_State_pendQ__O)

.const:ti_sysbios_knl_Task_Module_State_inactiveQ__O 
*          0    000014ec    00000004     
                  000014ec    00000004     release_pem3.oem3 (.const:ti_sysbios_knl_Task_Module_State_inactiveQ__O)

.cinit     0    00010050    000004d8     
                  00010050    00000357     (.cinit..data.load) [load image, compression = lzss]
                  000103a7    00000028     (.cinit..data:ti_sysbios_family_arm_m3_Hwi_Module__state__V.load) [load image, compression = lzss]
                  000103cf    00000021     (.cinit..data:ti_sysbios_knl_Task_Module__state__V.load) [load image, compression = lzss]
                  000103f0    0000001f     (.cinit..data:ti_sysbios_BIOS_Module__state__V.load) [load image, compression = lzss]
                  0001040f    0000001e     (.cinit..data:ti_sysbios_knl_Clock_Module__state__V.load) [load image, compression = lzss]
                  0001042d    00000010     (.cinit..data:ti_sysbios_knl_Swi_Module__state__V.load) [load image, compression = lzss]
                  0001043d    00000003     --HOLE-- [fill = 0]
                  00010440    0000000c     (__TI_handler_table)
                  0001044c    0000000b     (.cinit..data:ti_sysbios_family_arm_cc26xx_Timer_Module__state__V.load) [load image, compression = lzss]
                  00010457    0000000b     (.cinit..data:xdc_runtime_System_Module__state__V.load) [load image, compression = lzss]
                  00010462    00000006     --HOLE-- [fill = 0]
                  00010468    00000008     (.cinit..TI.bound:dmaSpi0RxControlTableEntry.load) [load image, compression = zero_init]
                  00010470    00000008     (.cinit..TI.bound:dmaSpi0TxControlTableEntry.load) [load image, compression = zero_init]
                  00010478    00000008     (.cinit..TI.bound:dmaSpi1RxControlTableEntry.load) [load image, compression = zero_init]
                  00010480    00000008     (.cinit..TI.bound:dmaSpi1TxControlTableEntry.load) [load image, compression = zero_init]
                  00010488    00000008     (.cinit..bss.load) [load image, compression = zero_init]
                  00010490    00000008     (.cinit..data:xdc_runtime_Memory_Module__state__V.load) [load image, compression = lzss]
                  00010498    00000007     (.cinit..data:ti_sysbios_family_arm_cc26xx_TimestampProvider_Module__state__V.load) [load image, compression = lzss]
                  0001049f    00000007     (.cinit..data:xdc_runtime_Startup_Module__state__V.load) [load image, compression = lzss]
                  000104a6    00000002     --HOLE-- [fill = 0]
                  000104a8    00000080     (__TI_cinit_table)

.init_array 
*          0    00000000    00000000     UNINITIALIZED

.ccfg      0    0001ffa8    00000058     
                  0001ffa8    00000058     ccfg.obj (.ccfg:retain)

.data:ti_sysbios_knl_Task_Module__state__V 
*          0    20000100    00000044     UNINITIALIZED
                  20000100    00000044     release_pem3.oem3 (.data:ti_sysbios_knl_Task_Module__state__V)

.data:ti_sysbios_family_arm_m3_Hwi_Module__state__V 
*          0    20000144    00000034     UNINITIALIZED
                  20000144    00000034     release_pem3.oem3 (.data:ti_sysbios_family_arm_m3_Hwi_Module__state__V)

.data:ti_sysbios_knl_Clock_Module__state__V 
*          0    20000178    0000002c     UNINITIALIZED
                  20000178    0000002c     release_pem3.oem3 (.data:ti_sysbios_knl_Clock_Module__state__V)

.data:ti_sysbios_BIOS_Module__state__V 
*          0    200001a4    00000024     UNINITIALIZED
                  200001a4    00000024     release_pem3.oem3 (.data:ti_sysbios_BIOS_Module__state__V)

.data:ti_sysbios_knl_Swi_Module__state__V 
*          0    200001c8    0000001c     UNINITIALIZED
                  200001c8    0000001c     release_pem3.oem3 (.data:ti_sysbios_knl_Swi_Module__state__V)

.data:ti_sysbios_family_arm_cc26xx_Timer_Module__state__V 
*          0    200001e4    00000008     UNINITIALIZED
                  200001e4    00000008     release_pem3.oem3 (.data:ti_sysbios_family_arm_cc26xx_Timer_Module__state__V)

.data:ti_sysbios_family_arm_cc26xx_TimestampProvider_Module__state__V 
*          0    200001ec    00000004     UNINITIALIZED
                  200001ec    00000004     release_pem3.oem3 (.data:ti_sysbios_family_arm_cc26xx_TimestampProvider_Module__state__V)

.data:xdc_runtime_Startup_Module__state__V 
*          0    200001f0    00000008     UNINITIALIZED
                  200001f0    00000008     release_pem3.oem3 (.data:xdc_runtime_Startup_Module__state__V)

.data:xdc_runtime_System_Module__state__V 
*          0    200001f8    00000008     UNINITIALIZED
                  200001f8    00000008     release_pem3.oem3 (.data:xdc_runtime_System_Module__state__V)

.data:xdc_runtime_Memory_Module__state__V 
*          0    20000200    00000004     UNINITIALIZED
                  20000200    00000004     release_pem3.oem3 (.data:xdc_runtime_Memory_Module__state__V)

.TI.bound:dmaSpi0RxControlTableEntry 
*          0    20000430    00000010     UNINITIALIZED
                  20000430    00000010     drivers_cc13x0.aem3 : SPICC26XXDMA.oem3 (.TI.bound:dmaSpi0RxControlTableEntry)

.TI.bound:dmaSpi1RxControlTableEntry 
*          0    20000500    00000010     UNINITIALIZED
                  20000500    00000010     drivers_cc13x0.aem3 : SPICC26XXDMA.oem3 (.TI.bound:dmaSpi1RxControlTableEntry)

.bss       0    20000520    00001d2d     UNINITIALIZED
                  20000520    00000480     CC1310_LAUNCHXL.obj (.bss:sharpDisplayBuf)
                  200009a0    00000400     ConcentratorRadioTask.obj (.bss:concentratorRadioTaskStack)
                  20000da0    00000400     ConcentratorTask.obj (.bss:concentratorTaskStack)
                  200011a0    00000380     rf_multiMode_cc13x0.aem3 : RFCC26XX_multiMode.oem3 (.bss:$O1$$)
                  20001520    00000200     release_pem3.oem3 (.bss:taskStackSection)
                  20001720    000001c8     (.common:spiCC26XXDMAObjects)
                  200018e8    00000128     (.common:uartCC26XXObjects)
                  20001a10    000000c8     EasyLink.obj (.bss:rfObject)
                  20001ad8    000000c8     (.common:ti_sysbios_family_arm_m3_Hwi_dispatchTable)
                  20001ba0    00000098     EasyLink.obj (.bss:rxBuffer)
                  20001c38    00000098     EasyLink.obj (.bss:rxPacket$3)
                  20001cd0    00000090     ConcentratorRadioTask.obj (.bss:txPacket)
                  20001d60    0000008c     EasyLink.obj (.bss:txBuffer)
                  20001dec    00000080     CC1310_LAUNCHXL.obj (.bss:uartStringBuf)
                  20001e6c    00000050     (.common:concentratorRadioTask)
                  20001ebc    00000050     (.common:concentratorTask)
                  20001f0c    00000044     (.common:displaySharpObject)
                  20001f50    0000003c     ConcentratorRadioTask.obj (.bss:concentratorRadioTaskParams)
                  20001f8c    0000003c     ConcentratorTask.obj (.bss:concentratorTaskParams)
                  20001fc8    00000030     EasyLink.obj (.bss:EasyLink_cmdPropRxAdv)
                  20001ff8    0000002c     (.common:knownSensorNodes)
                  20002024    00000028     EasyLink.obj (.bss:EasyLink_cmdPropRadioSetup)
                  2000204c    00000024     (.common:ledBlinkClock)
                  20002070    00000020     (.common:uartCC26XXRingBuffer)
                  20002090    00000020     (.common:udmaObjects)
                  200020b0    0000001c     EasyLink.obj (.bss:EasyLink_cmdPropCs)
                  200020cc    0000001c     EasyLink.obj (.bss:rfParams)
                  200020e8    00000018     EasyLink.obj (.bss)
                  20002100    00000018     EasyLink.obj (.bss:EasyLink_cmdFs)
                  20002118    00000018     EasyLink.obj (.bss:EasyLink_cmdPropTx)
                  20002130    00000018     display.aem3 : SharpGrLib.oem3 (.bss:spiTrans)
                  20002148    00000015     ConcentratorTask.obj (.bss)
                  2000215d    00000002     ConcentratorRadioTask.obj (.bss:ackPacket)
                  2000215f    00000001     rf_multiMode_cc13x0.aem3 : RFCC26XX_multiMode.oem3 (.bss)
                  20002160    00000014                              : RFCC26XX_multiMode.oem3 (.bss:RF_ratSyncCmd)
                  20002174    00000014     driverlib.lib : osc.obj (.bss:oscHfGlobals)
                  20002188    00000014     (.common:concentratorEvent)
                  2000219c    00000014     (.common:radioOperationEvent)
                  200021b0    00000010     ConcentratorRadioTask.obj (.bss)
                  200021c0    00000010     EasyLink.obj (.bss:EasyLink_RF_prop)
                  200021d0    00000010     EasyLink.obj (.bss:EasyLink_params)
                  200021e0    00000010     ConcentratorRadioTask.obj (.bss:latestRxPacket)
                  200021f0    0000000c     ConcentratorTask.obj (.bss:identifyLedPinState)
                  200021fc    0000000c     ConcentratorRadioTask.obj (.bss:ledPinState)
                  20002208    0000000c     EasyLink.obj (.bss:rxStatistics)
                  20002214    0000000c     (.common:displayUartObject)
                  20002220    00000008     dpl_cc13x0.aem3 : PowerCC26XX_tirtos.oem3 (.bss:$O1$$)
                  20002228    00000008     EasyLink.obj (.bss:dataQueue)
                  20002230    00000008     display.aem3 : SharpGrLib.oem3 (.bss)
                  20002238    00000008     driverlib.lib : sys_ctrl.obj (.bss:powerQualGlobals)
                  20002240    00000006     ConcentratorTask.obj (.bss:latestActiveAdcSensorNode)
                  20002246    00000002     drivers_cc13x0.aem3 : UARTCC26XX.oem3 (.bss)
                  20002248    00000004     (.common:ClockP_tickPeriod)
                  2000224c    00000001     (.common:driverlib_release_0_51995)

.data      0    20003250    00000a71     UNINITIALIZED
                  20003250    00000114     drivers_cc13x0.aem3 : PINCC26XX.oem3 (.data:$O1$$)
                  20003364    00000114                         : PowerCC26XX.oem3 (.data:PowerCC26XX_module)
                  20003478    00000088     rom_sysbios.aem3 : rom_sysbios.obj (.data:$O1$$)
                  20003500    00000064     smartrf_settings_predefined.obj (.data:pOverrides_sl_lr)
                  20003564    00000060     smartrf_settings_predefined.obj (.data:pOverrides_hsm)
                  200035c4    0000005c     smartrf_settings_predefined.obj (.data:pOverrides_ook)
                  20003620    00000058     smartrf_settings_predefined.obj (.data:pOverrides_lrm)
                  20003678    00000054     drivers_cc13x0.aem3 : GPIOCC26XX.oem3 (.data:$O1$$)
                  200036cc    00000054     smartrf_settings.obj (.data:pOverrides)
                  20003720    00000054     smartrf_settings_predefined.obj (.data:pOverrides_fsk)
                  20003774    00000054     release_pem3.oem3 (.data:ti_sysbios_gates_GateMutex_Object__table__V)
                  200037c8    0000004c     release_pem3.oem3 (.data:ti_sysbios_knl_Task_Object__table__V)
                  20003814    00000004     ConcentratorTask.obj (.data)
                  20003818    00000048     release_pem3.oem3 (.data:ti_sysbios_family_arm_cc26xx_Timer_Object__table__V)
                  20003860    00000044     smartrf_settings_predefined.obj (.data)
                  200038a4    00000030     smartrf_settings_predefined.obj (.data:RF_cmdPropRxAdv_preDef)
                  200038d4    00000030     release_pem3.oem3 (.data:ti_sysbios_knl_Swi_Module_State_0_readyQ__A)
                  20003904    00000030     release_pem3.oem3 (.data:ti_sysbios_knl_Swi_Object__table__V)
                  20003934    00000030     release_pem3.oem3 (.data:ti_sysbios_knl_Task_Module_State_0_readyQ__A)
                  20003964    0000002c     CC1310_LAUNCHXL.obj (.data:gpioPinConfigs)
                  20003990    00000028     smartrf_settings.obj (.data:RF_cmdPropRadioDivSetup)
                  200039b8    00000028     smartrf_settings_predefined.obj (.data:RF_cmdPropRadioDivSetup_fsk)
                  200039e0    00000028     smartrf_settings_predefined.obj (.data:RF_cmdPropRadioDivSetup_lrm)
                  20003a08    00000028     smartrf_settings_predefined.obj (.data:RF_cmdPropRadioDivSetup_ook)
                  20003a30    00000028     smartrf_settings_predefined.obj (.data:RF_cmdPropRadioDivSetup_sl_lr)
                  20003a58    00000024     smartrf_settings_predefined.obj (.data:RF_cmdRxHS)
                  20003a7c    00000020     release_pem3.oem3 (.data:ti_sysbios_knl_Clock_Object__table__V)
                  20003a9c    00000020     release_pem3.oem3 (.data:xdc_runtime_Error_IgnoreBlock)
                  20003abc    00000018     smartrf_settings.obj (.data:RF_cmdFs)
                  20003ad4    00000018     smartrf_settings_predefined.obj (.data:RF_cmdFs_preDef)
                  20003aec    00000018     smartrf_settings.obj (.data:RF_cmdPropTx)
                  20003b04    00000018     smartrf_settings_predefined.obj (.data:RF_cmdPropTx_preDef)
                  20003b1c    00000018     smartrf_settings_predefined.obj (.data:RF_cmdRadioSetup_hsm)
                  20003b34    00000018     EasyLink.obj (.data:addrFilterTable)
                  20003b4c    00000018     smartrf_settings_predefined.obj (.data:shapeovr)
                  20003b64    00000018     release_pem3.oem3 (.data:ti_sysbios_family_arm_m3_Hwi_Object__table__V)
                  20003b7c    00000018     release_pem3.oem3 (.data:ti_sysbios_heaps_HeapMem_Object__table__V)
                  20003b94    00000014     smartrf_settings_predefined.obj (.data:RF_cmdTxHS)
                  20003ba8    00000010     smartrf_settings.obj (.data:RF_prop)
                  20003bb8    00000010     smartrf_settings_predefined.obj (.data:RF_prop_fsk)
                  20003bc8    00000010     smartrf_settings_predefined.obj (.data:RF_prop_hsm)
                  20003bd8    00000010     smartrf_settings_predefined.obj (.data:RF_prop_lrm)
                  20003be8    00000010     smartrf_settings_predefined.obj (.data:RF_prop_ook)
                  20003bf8    00000010     smartrf_settings_predefined.obj (.data:RF_prop_sl_lr)
                  20003c08    00000010     CC1310_LAUNCHXL.obj (.data:gpioCallbackFunctions)
                  20003c18    0000000f     EasyLink.obj (.data)
                  20003c27    00000001     drivers_cc13x0.aem3 : SPI.oem3 (.data)
                  20003c28    00000008     rtsv7M3_T_le_eabi.lib : _lock.c.obj (.data:$O1$$)
                  20003c30    00000008     ConcentratorTask.obj (.data:identifyLedPinTable)
                  20003c38    00000008     ConcentratorRadioTask.obj (.data:ledPinTable)
                  20003c40    00000008     release_pem3.oem3 (.data:ti_sysbios_family_arm_m3_Hwi_Module__root__V)
                  20003c48    00000008     release_pem3.oem3 (.data:ti_sysbios_gates_GateHwi_Module__root__V)
                  20003c50    00000008     release_pem3.oem3 (.data:ti_sysbios_gates_GateMutex_Module__root__V)
                  20003c58    00000008     release_pem3.oem3 (.data:ti_sysbios_hal_Hwi_Module__root__V)
                  20003c60    00000008     release_pem3.oem3 (.data:ti_sysbios_heaps_HeapMem_Module__root__V)
                  20003c68    00000008     release_pem3.oem3 (.data:ti_sysbios_knl_Clock_Module__root__V)
                  20003c70    00000008     release_pem3.oem3 (.data:ti_sysbios_knl_Event_Module__root__V)
                  20003c78    00000008     release_pem3.oem3 (.data:ti_sysbios_knl_Mailbox_Module__root__V)
                  20003c80    00000008     release_pem3.oem3 (.data:ti_sysbios_knl_Queue_Module__root__V)
                  20003c88    00000008     release_pem3.oem3 (.data:ti_sysbios_knl_Semaphore_Module__root__V)
                  20003c90    00000008     release_pem3.oem3 (.data:ti_sysbios_knl_Swi_Module__root__V)
                  20003c98    00000008     release_pem3.oem3 (.data:ti_sysbios_knl_Task_Module__root__V)
                  20003ca0    00000008     release_pem3.oem3 (.data:xdc_runtime_System_Module_State_0_atexitHandlers__A)
                  20003ca8    00000004     rtsv7M3_T_le_eabi.lib : rand.c.obj (.data)
                  20003cac    00000004                           : stkdepth_vars.c.obj (.data)
                  20003cb0    00000004     release_pem3.oem3 (.data:ti_sysbios_family_arm_m3_Hwi_Module_State_0_excContext__A)
                  20003cb4    00000004     release_pem3.oem3 (.data:ti_sysbios_family_arm_m3_Hwi_Module_State_0_excStack__A)
                  20003cb8    00000004     release_pem3.oem3 (.data:ti_sysbios_knl_Task_Module_State_0_idleTask__A)
                  20003cbc    00000002     display.aem3 : SharpGrLib.oem3 (.data)
                  20003cbe    00000002     release_pem3.oem3 (.data:ti_sysbios_family_arm_m3_Hwi_Module_State_0_excActive__A)
                  20003cc0    00000001     drivers_cc13x0.aem3 : UART.oem3 (.data)

.priheap   0    20002250    00001000     UNINITIALIZED
                  20002250    00001000     --HOLE--

.stack     0    20004c00    00000400     UNINITIALIZED
                  20004c00    00000400     --HOLE--

.bootVecs 
*          0    00000000    00000008     DSECT
                  00000000    00000008     boot.aem3 : boot.oem3 (.bootVecs)

.resetVecs 
*          0    00000000    0000003c     
                  00000000    0000003c     release_pem3.oem3 (.resetVecs)

.vecs      0    20000000    000000c8     NOLOAD SECTION
                  20000000    000000c8     release_pem3.oem3 (.vecs)

xdc.meta   0    00000000    0000010c     COPY SECTION
                  00000000    0000010c     release_pem3.oem3 (xdc.meta)

xdc.noload 
*          0    00000000    00000000     COPY SECTION

.TI.bound:dmaSpi0TxControlTableEntry 
*          0    20000440    00000010     UNINITIALIZED
                  20000440    00000010     drivers_cc13x0.aem3 : SPICC26XXDMA.oem3 (.TI.bound:dmaSpi0TxControlTableEntry)

.TI.bound:dmaSpi1TxControlTableEntry 
*          0    20000510    00000010     UNINITIALIZED
                  20000510    00000010     drivers_cc13x0.aem3 : SPICC26XXDMA.oem3 (.TI.bound:dmaSpi1TxControlTableEntry)

.binit     0    00000000    00000000     

.text.1    0    0000003c    00000fc4     
                  0000003c    00000544     EasyLink.obj (.text:EasyLink_init)
                  00000580    00000008     (.tramp.ti_sysbios_knl_Semaphore_pend__E.1)
                  00000588    00000008     (.tramp.ti_sysbios_knl_Semaphore_post__E.1)
                  00000590    00000008     (.tramp.ti_sysbios_knl_Semaphore_create.1)
                  00000598    0000047e     grlib.a : string.obj (.text:Graphics_drawString)
                  00000a16    00000002     display.aem3 : DisplaySharp.oem3 (.text:DisplaySharp_init)
                  00000a18    00000374     rf_multiMode_cc13x0.aem3 : RFCC26XX_multiMode.oem3 (.text:RF_fsmActiveState)
                  00000d8c    00000008     (.tramp.ti_sysbios_family_arm_m3_Hwi_restoreFxn__E.1)
                  00000d94    00000228     driverlib.lib : sys_ctrl.obj (.text:NOROM_SysCtrlSetRechargeBeforePowerDown)
                  00000fbc    00000044     drivers_cc13x0.aem3 : RingBuf.oem3 (.text:RingBuf_put)

.text.2    0    00001380    00000004     
                  00001380    00000004     dpl_cc13x0.aem3 : PowerCC26XX_tirtos.oem3 (.text:CPUwfi)

.text.3    0    00001404    00000002     
                  00001404    00000002     display.aem3 : DisplayUart.oem3 (.text:DisplayUartMin_clear)

.text.4    0    000014f0    00009ad8     
                  000014f0    0000030c     drivers_cc13x0.aem3 : PowerCC26XX_calibrateRCOSC.oem3 (.text:PowerCC26XX_auxISR)
                  000017fc    0000030c     rom_sysbios.aem3 : rom_sysbios.obj (.text:xdc_runtime_System_doPrint__I)
                  00001b08    00000224     drivers_cc13x0.aem3 : PowerCC26XX.oem3 (.text:Power_sleep)
                  00001d2c    00000214                         : SPICC26XXDMA.oem3 (.text:SPICC26XXDMA_transfer)
                  00001f40    000001e8     rf_multiMode_cc13x0.aem3 : RFCC26XX_multiMode.oem3 (.text:RF_open)
                  00002128    000001e8                              : RFCC26XX_multiMode.oem3 (.text:RF_scheduleCmd)
                  00002310    000001c4     EasyLink.obj (.text:EasyLink_transmit)
                  000024d4    000001c0     EasyLink.obj (.text:EasyLink_receiveAsync)
                  00002694    000001b8     drivers_cc13x0.aem3 : PINCC26XX.oem3 (.text:PIN_init)
                  0000284c    000001b6     rtsv7M3_T_le_eabi.lib : fd_add_t2.asm.obj (.text)
                  00002a02    00000002     display.aem3 : DisplayUart.oem3 (.text:DisplayUartMin_clearLines)
                  00002a04    00000190     drivers_cc13x0.aem3 : PowerCC26XX_calibrateRCOSC.oem3 (.text:PowerCC26XX_doCalibrate)
                  00002b94    0000018c     EasyLink.obj (.text:rxDoneCallback)
                  00002d20    00000174     rf_multiMode_cc13x0.aem3 : RFCC26XX_multiMode.oem3 (.text:RF_fsmSetupState)
                  00002e94    00000168     release_pem3.oem3 (.text:xdc_runtime_System_printfExtend__I)
                  00002ffc    0000015c     drivers_cc13x0.aem3 : UARTCC26XX.oem3 (.text:UARTCC26XX_open)
                  00003158    00000158                         : SPICC26XXDMA.oem3 (.text:SPICC26XXDMA_initIO)
                  000032b0    00000150     smartrf_settings_predefined.obj (.text:rf_patch_mce_genook)
                  00003400    00000148     drivers_cc13x0.aem3 : UARTCC26XX.oem3 (.text:UARTCC26XX_hwiIntFxn)
                  00003548    00000144     rf_multiMode_cc13x0.aem3 : RFCC26XX_multiMode.oem3 (.text:RF_radioOpDoneCb)
                  0000368c    00000128                              : RFCC26XX_multiMode.oem3 (.text:RF_abortCmd)
                  000037b4    00000128     smartrf_settings.obj (.text:rf_patch_rfe_genfsk)
                  000038dc    00000128     smartrf_settings_predefined.obj (.text:rf_patch_rfe_genfsk)
                  00003a04    00000128     smartrf_settings_predefined.obj (.text:rf_patch_rfe_lrm)
                  00003b2c    00000128     smartrf_settings_predefined.obj (.text:rf_patch_rfe_sl_longrange)
                  00003c54    00000124     driverlib.lib : setup_rom.obj (.text:NOROM_SetupAfterColdResetWakeupFromShutDownCfg3)
                  00003d78    00000124     rf_multiMode_cc13x0.aem3 : RFCC26XX_multiMode.oem3 (.text:RF_fsmChangePhyState)
                  00003e9c    0000011c     drivers_cc13x0.aem3 : SPICC26XXDMA.oem3 (.text:SPICC26XXDMA_open)
                  00003fb8    0000011c                         : UARTCC26XX.oem3 (.text:UARTCC26XX_read)
                  000040d4    00000114                         : PowerCC26XX.oem3 (.text:Power_init)
                  000041e8    00000114     ConcentratorRadioTask.obj (.text:concentratorRadioTaskFunction)
                  000042fc    00000114     smartrf_settings_predefined.obj (.text:rf_patch_mce_hsp_4mbps)
                  00004410    00000112     grlib.a : rectangle.obj (.text:Graphics_fillRectangle)
                  00004522    00000002     display.aem3 : DisplayUart.oem3 (.text:DisplayUartMin_init)
                  00004524    00000110     rf_multiMode_cc13x0.aem3 : RFCC26XX_multiMode.oem3 (.text:RF_close)
                  00004634    00000110     ConcentratorRadioTask.obj (.text:rxDoneCallback)
                  00004744    00000110     ConcentratorTask.obj (.text:updateLcd)
                  00004854    0000010c     drivers_cc13x0.aem3 : SPICC26XXDMA.oem3 (.text:SPICC26XXDMA_configDMA)
                  00004960    00000100                         : GPIOCC26XX.oem3 (.text:GPIO_setConfig)
                  00004a60    00000100     rf_multiMode_cc13x0.aem3 : RFCC26XX_multiMode.oem3 (.text:RF_dispatchNextCmd)
                  00004b60    000000fc     drivers_cc13x0.aem3 : UARTCC26XX.oem3 (.text:UARTCC26XX_write)
                  00004c5c    000000fc     rtsv7M3_T_le_eabi.lib : fd_mul_t2.asm.obj (.text)
                  00004d58    000000f4     ConcentratorTask.obj (.text:ConcentratorTask_init)
                  00004e4c    000000f0     display.aem3 : DisplaySharp.oem3 (.text:DisplaySharp_open)
                  00004f3c    000000f0     driverlib.lib : setup_rom.obj (.text:NOROM_SetupAfterColdResetWakeupFromShutDownCfg2)
                  0000502c    000000f0     rf_multiMode_cc13x0.aem3 : RFCC26XX_multiMode.oem3 (.text:RF_pendCmd)
                  0000511c    000000f0     drivers_cc13x0.aem3 : SPICC26XXDMA.oem3 (.text:SPICC26XXDMA_transferCancel)
                  0000520c    000000e8     rom_sysbios.aem3 : rom_sysbios.obj (.text:ti_sysbios_knl_Event_pend__E)
                  000052f4    000000e6     display.aem3 : SharpGrLib.oem3 (.text:SharpGrLib_rectFill)
                  000053da    00000002     rf_multiMode_cc13x0.aem3 : RFCC26XX_multiMode.oem3 (.text:RF_defaultCallback)
                  000053dc    000000e4     dpl_cc13x0.aem3 : PowerCC26XX_tirtos.oem3 (.text:PowerCC26XX_standbyPolicy)
                  000054c0    000000e4     display.aem3 : SharpGrLib.oem3 (.text:SharpGrLib_flush)
                  000055a4    000000e0     EasyLink.obj (.text:EasyLink_enableRxAddrFilter)
                  00005684    000000e0     rf_multiMode_cc13x0.aem3 : RFCC26XX_multiMode.oem3 (.text:RF_fsmPowerUpState)
                  00005764    000000dc     drivers_cc13x0.aem3 : PINCC26XX.oem3 (.text:PINCC26XX_setIoCfg)
                  00005840    000000d8     rf_multiMode_cc13x0.aem3 : RFCC26XX_multiMode.oem3 (.text:RF_howToSchedule)
                  00005918    000000d8     smartrf_settings_predefined.obj (.text:rf_patch_rfe_genook)
                  000059f0    000000d8     smartrf_settings_predefined.obj (.text:rf_patch_rfe_hsp_4mbps)
                  00005ac8    000000d4     driverlib.lib : rfc.obj (.text:NOROM_RFCRfTrimRead)
                  00005b9c    000000cc                   : rfc.obj (.text:NOROM_RFCRTrim)
                  00005c68    000000cc     rf_multiMode_cc13x0.aem3 : RFCC26XX_multiMode.oem3 (.text:RF_swiHw)
                  00005d34    000000c8     ConcentratorTask.obj (.text:packetReceivedCallback)
                  00005dfc    000000c4     rf_multiMode_cc13x0.aem3 : RFCC26XX_multiMode.oem3 (.text:RF_hwiCpe0Active)
                  00005ec0    000000c4     driverlib.lib : setup.obj (.text:TrimAfterColdResetWakeupFromShutDown)
                  00005f84    000000c4     smartrf_settings_predefined.obj (.text:rf_patch_mce_sl_longrange)
                  00006048    000000bc     ConcentratorRadioTask.obj (.text:ConcentratorRadioTask_init)
                  00006104    000000bc     drivers_cc13x0.aem3 : GPIOCC26XX.oem3 (.text:GPIO_init)
                  000061c0    000000bc                         : PowerCC26XX.oem3 (.text:Power_releaseDependency)
                  0000627c    000000b6     display.aem3 : DisplaySharp.oem3 (.text:DisplaySharp_vprintf)
                  00006332    00000002     rtsv7M3_T_le_eabi.lib : _lock.c.obj (.text:_nop)
                  00006334    000000b4     drivers_cc13x0.aem3 : PowerCC26XX.oem3 (.text:Power_setDependency)
                  000063e8    000000b0     display.aem3 : DisplaySharp.oem3 (.text:DisplaySharp_control)
                  00006498    000000ac     rf_multiMode_cc13x0.aem3 : RFCC26XX_multiMode.oem3 (.text:RF_schChkCmdInsert)
                  00006544    000000aa     display.aem3 : SharpGrLib.oem3 (.text:SharpGrLib_lineDrawH)
                  000065ee    00000002     drivers_cc13x0.aem3 : PowerCC26XX.oem3 (.text:emptyClockFunc)
                  000065f0    000000a8     driverlib.lib : setup.obj (.text:NOROM_SetupTrimDevice)
                  00006698    000000a4                   : setup_rom.obj (.text:NOROM_SetupAfterColdResetWakeupFromShutDownCfg1)
                  0000673c    000000a4     rf_multiMode_cc13x0.aem3 : RFCC26XX_multiMode.oem3 (.text:RF_postCmd)
                  000067e0    000000a4                              : RFCC26XX_multiMode.oem3 (.text:RF_ratRestartChannels)
                  00006884    000000a4     drivers_cc13x0.aem3 : UARTCC26XX.oem3 (.text:UARTCC26XX_initHw)
                  00006928    000000a4                         : PowerCC26XX.oem3 (.text:switchXOSCHFclockFunc)
                  000069cc    000000a0                         : SPICC26XXDMA.oem3 (.text:SPICC26XXDMA_hwiFxn)
                  00006a6c    000000a0     auto_init.aem3 : auto_init.oem3 (.text)
                  00006b0c    000000a0     ConcentratorTask.obj (.text:concentratorTaskFunction)
                  00006bac    0000009c     grlib.a : line.obj (.text:Graphics_drawLineH)
                  00006c48    0000009c     ConcentratorTask.obj (.text:ledBlinkClockCb)
                  00006ce4    0000009c     rtsv7M3_T_le_eabi.lib : memcpy_t2.asm.obj (.text)
                  00006d80    00000098     drivers_cc13x0.aem3 : PINCC26XX.oem3 (.text:PIN_open)
                  00006e18    00000098     rf_multiMode_cc13x0.aem3 : RFCC26XX_multiMode.oem3 (.text:RF_calculateDispatchTime)
                  00006eb0    00000098     drivers_cc13x0.aem3 : UARTCC26XX.oem3 (.text:UARTCC26XX_initIO)
                  00006f48    00000098                         : UARTCC26XX.oem3 (.text:UARTCC26XX_swiIntFxn)
                  00006fe0    00000098     rom_sysbios.aem3 : rom_sysbios.obj (.text:ti_sysbios_knl_Clock_workFuncDynamic__E)
                  00007078    00000096     rtsv7M3_T_le_eabi.lib : ull_div_t2.asm.obj (.text)
                  0000710e    00000002     smartrf_settings.obj (.text:enterGenfskSysPatch)
                  00007110    00000090     rf_multiMode_cc13x0.aem3 : RFCC26XX_multiMode.oem3 (.text:RF_discardPendCmd)
                  000071a0    00000090     drivers_cc13x0.aem3 : SPICC26XXDMA.oem3 (.text:SPICC26XXDMA_control)
                  00007230    00000090     display.aem3 : SharpGrLib.oem3 (.text:SharpGrLib_clearScreen)
                  000072c0    00000090     rom_sysbios.aem3 : rom_sysbios.obj (.text:ti_sysbios_family_arm_cc26xx_Timer_start__E)
                  00007350    0000008c     drivers_cc13x0.aem3 : SPICC26XXDMA.oem3 (.text:SPICC26XXDMA_swiFxn)
                  000073dc    0000008c                         : UARTCC26XX.oem3 (.text:UARTCC26XX_close)
                  00007468    0000008c     ConcentratorTask.obj (.text:updateNode)
                  000074f4    00000088     drivers_cc13x0.aem3 : UARTCC26XX.oem3 (.text:UARTCC26XX_writeCancel)
                  0000757c    00000086     rtsv7M3_T_le_eabi.lib : fd_cmp_t2.asm.obj (.text:__aeabi_cdcmple)
                  00007602    00000086                           : fd_cmp_t2.asm.obj (.text:__aeabi_cdrcmple)
                  00007688    00000084     CC1310_LAUNCHXL_fxns.obj (.text:CC1310_LAUNCHXL_sendExtFlashByte)
                  0000770c    00000084     rf_multiMode_cc13x0.aem3 : RFCC26XX_multiMode.oem3 (.text:RF_issueRadioFreeCb)
                  00007790    00000080                              : RFCC26XX_multiMode.oem3 (.text:RF_hwiHw)
                  00007810    00000080     smartrf_settings.obj (.text:configureGenfskPatch)
                  00007890    00000080     smartrf_settings_predefined.obj (.text:configureGenfskPatch)
                  00007910    00000080     smartrf_settings_predefined.obj (.text:configureGenookPatch)
                  00007990    00000080     smartrf_settings_predefined.obj (.text:configureLrmPatch)
                  00007a10    00000080     smartrf_settings_predefined.obj (.text:configureSlLongrangePatch)
                  00007a90    0000007c     rf_multiMode_cc13x0.aem3 : RFCC26XX_multiMode.oem3 (.text:RF_ratFreeChannel)
                  00007b0c    0000007a     rtsv7M3_T_le_eabi.lib : memset_t2.asm.obj (.text)
                  00007b86    00000002     smartrf_settings_predefined.obj (.text:enterGenfskSysPatch)
                  00007b88    00000078     ConcentratorRadioTask.obj (.text:sendAck)
                  00007c00    00000078     drivers_cc13x0.aem3 : UARTCC26XX.oem3 (.text:writeTxFifoFlush)
                  00007c78    00000074     driverlib.lib : setup_rom.obj (.text:NOROM_SetupSetVddrLevel)
                  00007cec    00000070     rom_sysbios.aem3 : rom_sysbios.obj (.text:ti_sysbios_knl_Event_post__E)
                  00007d5c    0000006d                      : rom_sysbios.obj (.text:xdc_runtime_System_formatNum__I)
                  00007dc9    00000001     --HOLE-- [fill = 0]
                  00007dca    00000002     smartrf_settings_predefined.obj (.text:enterGenookSysPatch)
                  00007dcc    0000006c     drivers_cc13x0.aem3 : PowerCC26XX_calibrateRCOSC.oem3 (.text:PowerCC26XX_initiateCalibration)
                  00007e38    00000068     driverlib.lib : setup_rom.obj (.text:NOROM_SetupGetTrimForAmpcompCtrl)
                  00007ea0    00000068                   : setup_rom.obj (.text:NOROM_SetupGetTrimForAnabypassValue1)
                  00007f08    00000068                   : sys_ctrl.obj (.text:NOROM_SysCtrlAdjustRechargeAfterPowerDown)
                  00007f70    00000068                   : sys_ctrl.obj (.text:NOROM_SysCtrl_DCDC_VoltageConditionalControl)
                  00007fd8    00000068     drivers_cc13x0.aem3 : UARTCC26XX.oem3 (.text:UARTCC26XX_readCancel)
                  00008040    00000068     rtsv7M3_T_le_eabi.lib : copy_decompress_lzss.c.obj (.text:decompress:lzss:__TI_decompress_lzss)
                  000080a8    00000068     drivers_cc13x0.aem3 : PowerCC26XX.oem3 (.text:lfClockReadyCallback)
                  00008110    00000064     driverlib.lib : osc.obj (.text:NOROM_OSCHF_AttemptToSwitchToXosc)
                  00008174    00000064     drivers_cc13x0.aem3 : PINCC26XX.oem3 (.text:PIN_add)
                  000081d8    00000064     rf_multiMode_cc13x0.aem3 : RFCC26XX_multiMode.oem3 (.text:RF_checkForPreemption)
                  0000823c    00000064     drivers_cc13x0.aem3 : PowerCC26XX.oem3 (.text:configureXOSCHF)
                  000082a0    00000060     driverlib.lib : osc.obj (.text:NOROM_OSCClockSourceSet)
                  00008300    00000060     drivers_cc13x0.aem3 : PowerCC26XX.oem3 (.text:PowerCC26XX_calibrate)
                  00008360    00000060     rf_multiMode_cc13x0.aem3 : RFCC26XX_multiMode.oem3 (.text:RF_dispatchNextEvent)
                  000083c0    00000060                              : RFCC26XX_multiMode.oem3 (.text:RF_getCurrentTime)
                  00008420    00000060     drivers_cc13x0.aem3 : UARTCC26XX.oem3 (.text:UARTCC26XX_control)
                  00008480    0000005c     display.aem3 : Display.oem3 (.text:Display_doOpen)
                  000084dc    0000005c     drivers_cc13x0.aem3 : PowerCC26XX_calibrateRCOSC.oem3 (.text:PowerCC26XX_RCOSC_clockFunc)
                  00008538    0000005c     rf_multiMode_cc13x0.aem3 : RFCC26XX_multiMode.oem3 (.text:RF_hwiCpe0PowerFsm)
                  00008594    0000005c                              : RFCC26XX_multiMode.oem3 (.text:RF_syncCb)
                  000085f0    0000005c     drivers_cc13x0.aem3 : UDMACC26XX.oem3 (.text:UDMACC26XX_open)
                  0000864c    0000005c     rom_sysbios.aem3 : rom_sysbios.obj (.text:ti_sysbios_heaps_HeapMem_initPrimary__I)
                  000086a8    0000005c     release_pem3.oem3 (.text:xdc_runtime_Startup_getState__I)
                  00008704    00000058     drivers_cc13x0.aem3 : PINCC26XX.oem3 (.text:PIN_remove)
                  0000875c    00000058     rf_multiMode_cc13x0.aem3 : RFCC26XX_multiMode.oem3 (.text:RF_cmdDispatchTime)
                  000087b4    00000058     drivers_cc13x0.aem3 : SPICC26XXDMA.oem3 (.text:SPICC26XXDMA_initHw)
                  0000880c    00000058     display.aem3 : SharpGrLib.oem3 (.text:SharpGrLib_lineDrawV)
                  00008864    00000058     ConcentratorTask.obj (.text:isKnownNodeAddress)
                  000088bc    00000054     drivers_cc13x0.aem3 : GPIOCC26XX.oem3 (.text:GPIO_write)
                  00008910    00000054                         : GPIOCC26XX.oem3 (.text:powerPostNotify)
                  00008964    00000052     grlib.a : context.obj (.text:Graphics_initContext)
                  000089b6    00000052     drivers_cc13x0.aem3 : SPICC26XXDMA.oem3 (.text:SPICC26XXDMA_close)
                  00008a08    00000050     dpl_cc13x0.aem3 : ClockP_tirtos.oem3 (.text:ClockP_construct)
                  00008a58    00000050     driverlib.lib : setup_rom.obj (.text:NOROM_SetupSetCacheModeAccordingToCcfgSetting)
                  00008aa8    00000050     rf_multiMode_cc13x0.aem3 : RFCC26XX_multiMode.oem3 (.text:RF_applyRfCorePatch)
                  00008af8    00000050                              : RFCC26XX_multiMode.oem3 (.text:RF_fsmXOSCState)
                  00008b48    00000050                              : RFCC26XX_multiMode.oem3 (.text:RF_wakeupNotification)
                  00008b98    00000050     drivers_cc13x0.aem3 : UARTCC26XX.oem3 (.text:startTxFifoEmptyClk)
                  00008be8    0000004c     CC1310_LAUNCHXL_fxns.obj (.text:CC1310_LAUNCHXL_wakeUpExtFlash)
                  00008c34    0000004c     display.aem3 : DisplaySharp.oem3 (.text:DisplaySharp_clearLines)
                  00008c80    0000004c     drivers_cc13x0.aem3 : GPIOCC26XX.oem3 (.text:GPIO_enableInt)
                  00008ccc    0000004c     rtsv7M3_T_le_eabi.lib : cpy_tbl.c.obj (.text:copy_in)
                  00008d18    0000004a     display.aem3 : DisplayUart.oem3 (.text:DisplayUartMin_open)
                  00008d62    00000002     smartrf_settings_predefined.obj (.text:enterLrmSysPatch)
                  00008d64    00000048     drivers_cc13x0.aem3 : PINCC26XX.oem3 (.text:PIN_setOutputEnable)
                  00008dac    00000048     rtsv7M3_T_le_eabi.lib : fd_toi_t2.asm.obj (.text)
                  00008df4    00000048     drivers_cc13x0.aem3 : UARTCC26XX.oem3 (.text:writeFinishedDoCallback)
                  00008e3c    00000046     display.aem3 : DisplayUart.oem3 (.text:DisplayUartMin_vprintf)
                  00008e82    00000046                  : SharpGrLib.oem3 (.text:SharpGrLib_drawMultiple)
                  00008ec8    00000044     drivers_cc13x0.aem3 : SPICC26XXDMA.oem3 (.text:SPICC26XXDMA_csnCallback)
                  00008f0c    00000044     boot.aem3 : boot.oem3 (.text)
                  00008f50    00000044     rtsv7M3_T_le_eabi.lib : fd_tou_t2.asm.obj (.text)
                  00008f94    00000042     display.aem3 : SharpGrLib.oem3 (.text:SharpGrLib_pixelDraw)
                  00008fd6    00000002     smartrf_settings_predefined.obj (.text:enterSlLongrangeSysPatch)
                  00008fd8    00000040     CC1310_LAUNCHXL_fxns.obj (.text:CC1310_LAUNCHXL_shutDownExtFlash)
                  00009018    00000040     grlib.a : string.obj (.text:Graphics_getNumberOfLeadingZeros)
                  00009058    00000040     drivers_cc13x0.aem3 : PINCC26XX.oem3 (.text:PINCC26XX_getConfig)
                  00009098    00000040                         : PINCC26XX.oem3 (.text:PIN_swi)
                  000090d8    00000040                         : SPI.oem3 (.text:SPI_init)
                  00009118    00000040                         : SPI.oem3 (.text:SPI_open)
                  00009158    00000040                         : UART.oem3 (.text:UART_init)
                  00009198    00000040                         : UART.oem3 (.text:UART_open)
                  000091d8    00000040     rtsv7M3_T_le_eabi.lib : u_divt2.asm.obj (.text)
[...]
1001c255  ti_sysbios_family_arm_cc26xx_Timer_setPeriod__E                           
1001c259  ti_sysbios_family_arm_m3_Hwi_delete                                       
1001c25d  ti_sysbios_family_arm_m3_Hwi_destruct                                     
1001c261  ti_sysbios_family_arm_m3_TaskSupport_Module__startupDone__S               
1001c261  ti_sysbios_knl_Task_SupportProxy_Module__startupDone__S__mangled__        
1001c265  ti_sysbios_gates_GateHwi_query__E                                         
1001c265  xdc_runtime_Main_Module_GateProxy_query__E                                
1001c265  xdc_runtime_System_Module_GateProxy_query__E                              
1001c265  xdc_runtime_System_Module_GateProxy_query__E__mangled__                   
1001c269  ti_sysbios_gates_GateMutex_delete                                         
1001c26d  ti_sysbios_gates_GateMutex_destruct                                       
1001c271  ti_sysbios_BIOS_RtsGateProxy_query__E                                     
1001c271  ti_sysbios_BIOS_RtsGateProxy_query__E__mangled__                          
1001c271  ti_sysbios_gates_GateMutex_query__E                                       
1001c271  ti_sysbios_heaps_HeapMem_Module_GateProxy_query__E                        
1001c271  ti_sysbios_heaps_HeapMem_Module_GateProxy_query__E__mangled__             
1001c275  ti_sysbios_hal_Hwi_HwiProxy_Module__startupDone__S                        
1001c279  ti_sysbios_hal_Hwi_HwiProxy_delete                                        
1001c27d  ti_sysbios_hal_Hwi_HwiProxy_disableInterrupt__E                           
1001c27d  ti_sysbios_hal_Hwi_disableInterrupt__E                                    
1001c27d  ti_sysbios_hal_Hwi_disableInterrupt__E                                    
1001c281  ti_sysbios_hal_Hwi_HwiProxy_enableInterrupt__E                            
1001c281  ti_sysbios_hal_Hwi_enableInterrupt__E                                     
1001c281  ti_sysbios_hal_Hwi_enableInterrupt__E                                     
1001c285  ti_sysbios_hal_Hwi_HwiProxy_getStackInfo__E                               
1001c285  ti_sysbios_hal_Hwi_getStackInfo__E                                        
1001c285  ti_sysbios_hal_Hwi_getStackInfo__E                                        
1001c289  ti_sysbios_hal_Hwi_HwiProxy_startup__E                                    
1001c289  ti_sysbios_hal_Hwi_startup__E                                             
1001c289  ti_sysbios_hal_Hwi_startup__E                                             
1001c28d  ti_sysbios_hal_Hwi_HwiProxy_switchFromBootStack__E                        
1001c291  ti_sysbios_hal_Hwi_delete                                                 
1001c295  ti_sysbios_hal_Hwi_switchFromBootStack__E                                 
1001c295  ti_sysbios_hal_Hwi_switchFromBootStack__E                                 
1001c299  ti_sysbios_heaps_HeapMem_Module_GateProxy_enter__E                        
1001c29d  ti_sysbios_heaps_HeapMem_Module_GateProxy_leave__E                        
1001c2a1  ti_sysbios_heaps_HeapMem_isBlocking__E                                    
1001c2a5  ti_sysbios_knl_Clock_TimerProxy_Module__startupDone__S                    
1001c2a9  ti_sysbios_knl_Clock_TimerProxy_getExpiredTicks__E                        
1001c2ad  ti_sysbios_knl_Clock_TimerProxy_getPeriod__E                              
1001c2b1  ti_sysbios_knl_Clock_delete                                               
1001c2b5  ti_sysbios_knl_Clock_destruct                                             
1001c2b9  ti_sysbios_knl_Clock_removeI__E                                           
1001c2bd  ti_sysbios_knl_Clock_setTimeout__E                                        
1001c2c1  ti_sysbios_knl_Mailbox_delete                                             
1001c2c5  ti_sysbios_knl_Mailbox_destruct                                           
1001c2c9  ti_sysbios_knl_Queue_delete                                               
1001c2cd  ti_sysbios_knl_Queue_destruct                                             
1001c2d1  ti_sysbios_knl_Queue_head__E                                              
1001c2d5  ti_sysbios_knl_Queue_next__E                                              
1001c2d9  ti_sysbios_knl_Semaphore_delete                                           
1001c2dd  ti_sysbios_knl_Semaphore_destruct                                         
1001c2e1  ti_sysbios_knl_Swi_delete                                                 
1001c2e5  ti_sysbios_knl_Swi_destruct                                               
1001c2e9  ti_sysbios_knl_Swi_postInit__I                                            
1001c2ed  ti_sysbios_knl_Task_SupportProxy_Module__startupDone__S                   
1001c2f1  ti_sysbios_knl_Task_SupportProxy_getStackAlignment__E                     
1001c2f5  ti_sysbios_knl_Task_SupportProxy_start__E                                 
1001c2f9  ti_sysbios_knl_Task_SupportProxy_swap__E                                  
1001c2fd  ti_sysbios_knl_Task_delete                                                
1001c301  ti_sysbios_knl_Task_destruct                                              
1001c305  ti_sysbios_knl_Task_startup__E                                            
1001c309  xdc_runtime_Startup_startMods__I                                          
1001c401  xdc_runtime_Core_createObject__I                                          
1001c483  xdc_runtime_Error_policySpin__E                                           
1001c485  xdc_runtime_Memory_alloc__E                                               
1001c4f5  xdc_runtime_Core_deleteObject__I                                          
1001c555  xdc_runtime_Startup_exec__E                                               
1001c5a5  xdc_runtime_Assert_raise__I                                               
1001c5ed  xdc_runtime_Core_assignParams__I                                          
1001c635  xdc_runtime_Core_constructObject__I                                       
1001c67d  xdc_runtime_System_atexit__E                                              
1001c6b5  xdc_runtime_System_processAtExit__E                                       
1001c6e9  xdc_runtime_Core_assignLabel__I                                           
1001c719  xdc_runtime_Text_cordText__E                                              
1001c745  xdc_runtime_System_abort__E                                               
1001c765  xdc_runtime_Error_raiseX__E                                               
1001c781  xdc_runtime_Memory_valloc__E                                              
1001c79d  xdc_runtime_Core_destructObject__I                                        
1001c7b5  xdc_runtime_Error_check__E                                                
1001c7cd  xdc_runtime_System_exit__E                                                
1001c7e5  xdc_runtime_Text_ropeText__E                                              
1001c7fd  xdc_runtime_Memory_free__E                                                
1001c80d  xdc_runtime_SysCallback_abort__E                                          
1001c80d  xdc_runtime_System_SupportProxy_abort__E                                  
1001c81d  xdc_runtime_SysCallback_exit__E                                           
1001c81d  xdc_runtime_System_SupportProxy_exit__E                                   
1001c82d  xdc_runtime_Timestamp_SupportProxy_get32__E                               
1001c82d  xdc_runtime_Timestamp_get32__E                                            
1001c82d  xdc_runtime_Timestamp_get32__E                                            
1001c849  xdc_runtime_Memory_calloc__E                                              
1001c855  xdc_runtime_Memory_getMaxDefaultTypeAlign__E                              
1001c875  xdc_runtime_Gate_leaveSystem__E                                           
1001c87b  xdc_runtime_System_Module_startup__E                                      
1001c881  xdc_runtime_Gate_enterSystem__E                                           
1001c885  xdc_runtime_Memory_HeapProxy_alloc__E                                     
1001c889  xdc_runtime_Memory_HeapProxy_free__E                                      
1001c88d  xdc_runtime_System_Module_GateProxy_enter__E                              
1001c891  xdc_runtime_System_Module_GateProxy_leave__E                              
1001c895  xdc_runtime_System_abortSpin__E                                           
1001c897  xdc_runtime_System_exitSpin__E                                            
1001c899  ti_sysbios_family_arm_m3_Hwi_dispatch__I                                  
1001c969  ti_sysbios_family_arm_m3_TaskSupport_buildTaskStack                       
1001c9b5  ti_sysbios_family_arm_m3_Hwi_initStacks__E                                
1001c9fd  ti_sysbios_family_arm_m3_Hwi_excHandlerAsm__I                             
1001ca1d  ti_sysbios_family_xxx_Hwi_switchAndRunFunc                                
1001ca3b  ti_sysbios_family_arm_m3_Hwi_pendSV__I                                    
1001ca53  ti_sysbios_family_arm_m3_Hwi_return                                       
1001ca55  ti_sysbios_family_arm_m3_TaskSupport_glue                                 
1001ca65  ti_sysbios_family_arm_m3_TaskSupport_swap__E                              
1001ca65  ti_sysbios_knl_Task_SupportProxy_swap__E__mangled__                       
1001ca6d  ti_sysbios_knl_Task_swapReturn                                            
1001ca97  ti_sysbios_rom_cortexm_cc13xx_CC13xx_getRevision__E                       
20000000  ti_sysbios_family_arm_m3_Hwi_ramVectors                                   
20000100  ti_sysbios_knl_Task_Module__state__V                                      
20000144  ti_sysbios_family_arm_m3_Hwi_Module__state__V                             
20000178  ti_sysbios_knl_Clock_Module__state__V                                     
200001a4  ti_sysbios_BIOS_Module__state__V                                          
200001c8  ti_sysbios_knl_Swi_Module__state__V                                       
200001e4  ti_sysbios_family_arm_cc26xx_Timer_Module__state__V                       
200001ec  ti_sysbios_family_arm_cc26xx_TimestampProvider_Module__state__V           
200001f0  xdc_runtime_Startup_Module__state__V                                      
200001f8  xdc_runtime_System_Module__state__V                                       
20000200  xdc_runtime_Memory_Module__state__V                                       
20001520  ti_sysbios_knl_Task_Instance_State_0_stack__A                             
20001720  spiCC26XXDMAObjects                                                       
200018e8  uartCC26XXObjects                                                         
20001ad8  ti_sysbios_family_arm_m3_Hwi_dispatchTable                                
20001e6c  concentratorRadioTask                                                     
20001ebc  concentratorTask                                                          
20001f0c  displaySharpObject                                                        
20001ff8  knownSensorNodes                                                          
2000204c  ledBlinkClock                                                             
20002070  uartCC26XXRingBuffer                                                      
20002090  udmaObjects                                                               
20002188  concentratorEvent                                                         
2000219c  radioOperationEvent                                                       
20002214  displayUartObject                                                         
20002220  PowerCC26XX_taskKey                                                       
20002224  PowerCC26XX_swiKey                                                        
20002248  ClockP_tickPeriod                                                         
2000224c  driverlib_release_0_51995                                                 
20002250  __primary_heap_start__                                                    
20003250  __primary_heap_end__                                                      
20003250  pinUpperBound                                                             
20003254  pinLowerBound                                                             
200032e8  pinHandleTable                                                            
20003364  PowerCC26XX_module                                                        
20003500  pOverrides_sl_lr                                                          
20003564  pOverrides_hsm                                                            
200035c4  pOverrides_ook                                                            
20003620  pOverrides_lrm                                                            
20003720  pOverrides_fsk                                                            
20003774  ti_sysbios_gates_GateMutex_Object__table__V                               
200037c8  ti_sysbios_knl_Task_Object__table__V                                      
20003818  ti_sysbios_family_arm_cc26xx_Timer_Object__table__V                       
20003860  RF_pProp_fsk                                                              
20003864  RF_pProp_lrm                                                              
20003868  RF_pProp_ook                                                              
2000386c  RF_pProp_hsm                                                              
20003870  RF_pProp_sl_lr                                                            
20003874  RF_pProp_2_4G_fsk                                                         
20003878  RF_pCmdPropRadioDivSetup_fsk                                              
2000387c  RF_pCmdPropRadioDivSetup_lrm                                              
20003880  RF_pCmdPropRadioDivSetup_ook                                              
20003884  RF_pCmdRadioSetup_hsm                                                     
20003888  RF_pCmdPropRadioDivSetup_sl_lr                                            
2000388c  RF_pCmdPropRadioSetup_2_4G_fsk                                            
20003890  RF_pCmdTxHS                                                               
20003894  RF_pCmdRxHS                                                               
20003898  RF_pCmdFs_preDef                                                          
2000389c  RF_pCmdPropTx_preDef                                                      
200038a0  RF_pCmdPropRxAdv_preDef                                                   
200038a4  RF_cmdPropRxAdv_preDef                                                    
200038d4  ti_sysbios_knl_Swi_Module_State_0_readyQ__A                               
20003904  ti_sysbios_knl_Swi_Object__table__V                                       
20003934  ti_sysbios_knl_Task_Module_State_0_readyQ__A                              
20003964  gpioPinConfigs                                                            
20003990  RF_cmdPropRadioDivSetup                                                   
200039b8  RF_cmdPropRadioDivSetup_fsk                                               
200039e0  RF_cmdPropRadioDivSetup_lrm                                               
20003a08  RF_cmdPropRadioDivSetup_ook                                               
20003a30  RF_cmdPropRadioDivSetup_sl_lr                                             
20003a58  RF_cmdRxHS                                                                
20003a7c  ti_sysbios_knl_Clock_Object__table__V                                     
20003a9c  xdc_runtime_Error_IgnoreBlock                                             
20003abc  RF_cmdFs                                                                  
20003ad4  RF_cmdFs_preDef                                                           
20003aec  RF_cmdPropTx                                                              
20003b04  RF_cmdPropTx_preDef                                                       
20003b1c  RF_cmdRadioSetup_hsm                                                      
20003b4c  shapeovr                                                                  
20003b64  ti_sysbios_family_arm_m3_Hwi_Object__table__V                             
20003b7c  ti_sysbios_heaps_HeapMem_Object__table__V                                 
20003b94  RF_cmdTxHS                                                                
20003ba8  RF_prop                                                                   
20003bb8  RF_prop_fsk                                                               
20003bc8  RF_prop_hsm                                                               
20003bd8  RF_prop_lrm                                                               
20003be8  RF_prop_ook                                                               
20003bf8  RF_prop_sl_lr                                                             
20003c08  gpioCallbackFunctions                                                     
20003c28  _lock                                                                     
20003c2c  _unlock                                                                   
20003c30  identifyLedPinTable                                                       
20003c38  ledPinTable                                                               
20003c40  ti_sysbios_family_arm_m3_Hwi_Module__root__V                              
20003c48  ti_sysbios_gates_GateHwi_Module__root__V                                  
20003c50  ti_sysbios_gates_GateMutex_Module__root__V                                
20003c58  ti_sysbios_hal_Hwi_Module__root__V                                        
20003c60  ti_sysbios_heaps_HeapMem_Module__root__V                                  
20003c68  ti_sysbios_knl_Clock_Module__root__V                                      
20003c70  ti_sysbios_knl_Event_Module__root__V                                      
20003c78  ti_sysbios_knl_Mailbox_Module__root__V                                    
20003c80  ti_sysbios_knl_Queue_Module__root__V                                      
20003c88  ti_sysbios_knl_Semaphore_Module__root__V                                  
20003c90  ti_sysbios_knl_Swi_Module__root__V                                        
20003c98  ti_sysbios_knl_Task_Module__root__V                                       
20003ca0  xdc_runtime_System_Module_State_0_atexitHandlers__A                       
20003cac  main_func_sp                                                              
20003cb0  ti_sysbios_family_arm_m3_Hwi_Module_State_0_excContext__A                 
20003cb4  ti_sysbios_family_arm_m3_Hwi_Module_State_0_excStack__A                   
20003cb8  ti_sysbios_knl_Task_Module_State_0_idleTask__A                            
20003cbe  ti_sysbios_family_arm_m3_Hwi_Module_State_0_excActive__A                  
20004c00  __stack                                                                   
20005000  __STACK_END                                                               
e000e000  ti_sysbios_family_arm_m3_Hwi_nvic                                         
ffffffff  __TI_pprof_out_hndl                                                       
ffffffff  __TI_prof_data_size                                                       
ffffffff  __TI_prof_data_start                                                      
ffffffff  __binit__                                                                 
ffffffff  __c_args__                                                                
ffffffff  binit                                                                     
UNDEFED   SHT$$INIT_ARRAY$$Base                                                     
UNDEFED   SHT$$INIT_ARRAY$$Limit                                                    

[990 symbols]
